 TTG

 Timestamp is 54ca65eb (Thu Jan 29 17:55:07 2015)

 Preferred load address is 00400000

 Start         Length     Name                   Class
 0001:00000000 00023d70H .text                   CODE
 0001:00023d70 00002607H .text$x                 CODE
 0001:00026380 0000113bH .text$yc                CODE
 0001:000274c0 00000437H .text$yd                CODE
 0002:00000000 0000046cH .idata$5                DATA
 0002:0000046c 00000004H .CRT$XCA                DATA
 0002:00000470 00000004H .CRT$XCAA               DATA
 0002:00000474 00000004H .CRT$XCL                DATA
 0002:00000478 00000380H .CRT$XCU                DATA
 0002:000007f8 00000004H .CRT$XCZ                DATA
 0002:000007fc 00000004H .CRT$XIA                DATA
 0002:00000800 00000004H .CRT$XIAA               DATA
 0002:00000804 00000004H .CRT$XIC                DATA
 0002:00000808 00000004H .CRT$XIU                DATA
 0002:0000080c 00000004H .CRT$XIY                DATA
 0002:00000810 00000004H .CRT$XIZ                DATA
 0002:00000814 00000004H .CRT$XLA                DATA
 0002:00000818 00000004H .CRT$XLC                DATA
 0002:0000081c 00000004H .CRT$XLZ                DATA
 0002:00000820 00000004H .CRT$XTU                DATA
 0002:00000830 00002b48H .rdata                  DATA
 0002:00003378 00000018H .rdata$T                DATA
 0002:00003390 00000060H .rdata$debug            DATA
 0002:000033f0 00001858H .rdata$r                DATA
 0002:00004c48 00000004H .rtc$IAA                DATA
 0002:00004c4c 00000004H .rtc$IZZ                DATA
 0002:00004c50 00000004H .rtc$TAA                DATA
 0002:00004c54 00000004H .rtc$TZZ                DATA
 0002:00004c58 00002df0H .xdata$x                DATA
 0002:00007a48 0000008cH .idata$2                DATA
 0002:00007ad4 00000014H .idata$3                DATA
 0002:00007ae8 0000046cH .idata$4                DATA
 0002:00007f54 000032d4H .idata$6                DATA
 0002:0000b228 00000000H .edata                  DATA
 0003:00000000 00001010H .data                   DATA
 0003:00001010 000006e0H .bss                    DATA
 0004:00000000 00000001H .tls                    DATA
 0004:00000001 00000001H .tls$ZZZ                DATA
 0005:00000000 00000058H .rsrc$01                DATA
 0005:00000060 00000180H .rsrc$02                DATA

  Address         Publics by Value              Rva+Base       Lib:Object

 0000:00000000       __except_list              00000000     <absolute>
 0000:00000000       ___safe_se_handler_table   00000000     <absolute>
 0000:00000000       ___safe_se_handler_count   00000000     <absolute>
 0000:00009876       __ldused                   00009876     <absolute>
 0000:00009876       __fltused                  00009876     <absolute>
 0000:00000000       ___ImageBase               00400000     <linker-defined>
 0001:00000000       ??1?$_Deque_iterator@V?$_Deque_val@U?$_Deque_simple_types@H@std@@@std@@@std@@QAE@XZ 00401000 f i Map:Parser.obj
 0001:00000000       ?sp_enable_shared_from_this@detail@boost@@YAXZZ 00401000 f i log.obj
 0001:00000000       ?release@CMenuState@Application@@UAEXXZ 00401000 f i MenuState.obj
 0001:00000000       ?tss_cleanup_implemented@boost@@YAXXZ 00401000 f i libboost_thread-vc110-mt-1_55:tss_pe.obj
 0001:00000000       ??1?$_Deque_iterator@V?$_Deque_val@U?$_Deque_simple_types@Tsemantic_type@CParser@Map@@@std@@@std@@@std@@QAE@XZ 00401000 f i Map:Parser.obj
 0001:00000000       ?release@CApplicationState@Application@@UAEXXZ 00401000 f i EventState.obj
 0001:00000000       ??1?$_Deque_const_iterator@V?$_Deque_val@U?$_Deque_simple_types@Vlocation@Map@@@std@@@std@@@std@@QAE@XZ 00401000 f i Map:Parser.obj
 0001:00000000       ?on_process_enter@boost@@YAXXZ 00401000 f i libboost_thread-vc110-mt-1_55:thread.obj
 0001:00000000       ??3@YAXPAX0@Z              00401000 f i 3DApplication.obj
 0001:00000000       ?deactivate@IComponent@Logic@@UAEXXZ 00401000 f i Logic:ControllerComponent.obj
 0001:00000000       ?activate@CApplicationState@Application@@UAEXXZ 00401000 f i EventState.obj
 0001:00000000       ?release@CEventState@Application@@UAEXXZ 00401000 f i EventState.obj
 0001:00000000       ?deactivate@CControllerComponent@Logic@@UAEXXZ 00401000 f i Logic:ControllerComponent.obj
 0001:00000000       ?deactivate@CApplicationState@Application@@UAEXXZ 00401000 f i EventState.obj
 0001:00000000       ??1?$_Deque_iterator@V?$_Deque_val@U?$_Deque_simple_types@Vlocation@Map@@@std@@@std@@@std@@QAE@XZ 00401000 f i Map:Parser.obj
 0001:00000000       ??1?$_Deque_const_iterator@V?$_Deque_val@U?$_Deque_simple_types@H@std@@@std@@@std@@QAE@XZ 00401000 f i Map:Parser.obj
 0001:00000000       ??1?$_Deque_const_iterator@V?$_Deque_val@U?$_Deque_simple_types@Tsemantic_type@CParser@Map@@@std@@@std@@@std@@QAE@XZ 00401000 f i Map:Parser.obj
 0001:00000000       ?release@CPauseState@Application@@UAEXXZ 00401000 f i PauseState.obj
 0001:00000010       ?compare@?$char_traits@D@std@@SAHPBD0I@Z 00401010 f i 3DApplication.obj
 0001:00000080       ??_G_Generic_error_category@std@@UAEPAXI@Z 00401080 f i 3DApplication.obj
 0001:00000080       ??_Gerror_category@std@@UAEPAXI@Z 00401080 f i 3DApplication.obj
 0001:00000080       ??_G_System_error_category@std@@UAEPAXI@Z 00401080 f i 3DApplication.obj
 0001:00000080       ??_Eerror_category@std@@UAEPAXI@Z 00401080 f i * CIL library *:* CIL module *
 0001:00000080       ??_G_Iostream_error_category@std@@UAEPAXI@Z 00401080 f i 3DApplication.obj
 0001:00000080       ??_E_System_error_category@std@@UAEPAXI@Z 00401080 f i * CIL library *:* CIL module *
 0001:00000080       ??_E_Generic_error_category@std@@UAEPAXI@Z 00401080 f i * CIL library *:* CIL module *
 0001:00000080       ??_E_Iostream_error_category@std@@UAEPAXI@Z 00401080 f i * CIL library *:* CIL module *
 0001:000000b0       ?default_error_condition@error_category@std@@UBE?AVerror_condition@2@H@Z 004010b0 f i 3DApplication.obj
 0001:000000d0       ?equivalent@error_category@std@@UBE_NHABVerror_condition@2@@Z 004010d0 f i 3DApplication.obj
 0001:00000110       ?equivalent@error_category@std@@UBE_NABVerror_code@2@H@Z 00401110 f i 3DApplication.obj
 0001:00000130       ?name@_Generic_error_category@std@@UBEPBDXZ 00401130 f i 3DApplication.obj
 0001:00000130       ?name@generic_error_category@?A0xeba5f5ee@system@boost@@UBEPBDXZ 00401130 f i libboost_system-vc110-mt-1_55:error_code.obj
 0001:00000140       ?message@_Generic_error_category@std@@UBE?AV?$basic_string@DU?$char_traits@D@std@@V?$allocator@D@2@@2@H@Z 00401140 f i 3DApplication.obj
 0001:000001c0       ?name@_Iostream_error_category@std@@UBEPBDXZ 004011c0 f i 3DApplication.obj
 0001:000001d0       ?message@_Iostream_error_category@std@@UBE?AV?$basic_string@DU?$char_traits@D@std@@V?$allocator@D@2@@2@H@Z 004011d0 f i 3DApplication.obj
 0001:00000220       ?name@_System_error_category@std@@UBEPBDXZ 00401220 f i 3DApplication.obj
 0001:00000220       ?name@system_error_category@?A0xeba5f5ee@system@boost@@UBEPBDXZ 00401220 f i libboost_system-vc110-mt-1_55:error_code.obj
 0001:00000230       ?message@_System_error_category@std@@UBE?AV?$basic_string@DU?$char_traits@D@std@@V?$allocator@D@2@@2@H@Z 00401230 f i 3DApplication.obj
 0001:000002b0       ?default_error_condition@_System_error_category@std@@UBE?AVerror_condition@2@H@Z 004012b0 f i 3DApplication.obj
 0001:000002f0       ?windowClosing@CWindowEventListener@Application@@UAE_NPAVRenderWindow@Ogre@@@Z 004012f0 f i 3DApplication.obj
 0001:00000300       ??_ECWindowEventListener@Application@@UAEPAXI@Z 00401300 f i * CIL library *:* CIL module *
 0001:00000300       ??_GCWindowEventListener@Application@@UAEPAXI@Z 00401300 f i 3DApplication.obj
 0001:00000330       ?init@C3DApplication@Application@@UAE_NXZ 00401330 f   3DApplication.obj
 0001:000004a0       ?release@C3DApplication@Application@@UAEXXZ 004014a0 f   3DApplication.obj
 0001:00000590       ?tick@C3DApplication@Application@@MAEXI@Z 00401590 f   3DApplication.obj
 0001:00000610       ?initOgre@C3DApplication@Application@@AAE_NXZ 00401610 f   3DApplication.obj
 0001:00000b30       ?initOgreResources@C3DApplication@Application@@AAE_NXZ 00401b30 f   3DApplication.obj
 0001:00000c70       ?initOIS@C3DApplication@Application@@AAE_NXZ 00401c70 f   3DApplication.obj
 0001:000010b0       ??1?$multimap@V?$basic_string@DU?$char_traits@D@std@@V?$allocator@D@2@@std@@V12@U?$less@V?$basic_string@DU?$char_traits@D@std@@V?$allocator@D@2@@std@@@2@V?$allocator@U?$pair@$$CBV?$basic_string@DU?$char_traits@D@std@@V?$allocator@D@2@@std@@V12@@std@@@2@@std@@QAE@XZ 004020b0 f i 3DApplication.obj
 0001:000010b0       ??1?$map@V?$basic_string@DU?$char_traits@D@std@@V?$allocator@D@2@@std@@V12@U?$less@V?$basic_string@DU?$char_traits@D@std@@V?$allocator@D@2@@std@@@2@V?$allocator@U?$pair@$$CBV?$basic_string@DU?$char_traits@D@std@@V?$allocator@D@2@@std@@V12@@std@@@2@@std@@QAE@XZ 004020b0 f i Configure.obj
 0001:000010e0       ??_D?$basic_ostringstream@DU?$char_traits@D@std@@V?$allocator@D@2@@std@@QAEXXZ 004020e0 f i 3DApplication.obj
 0001:00001120       ??1?$pair@V?$basic_string@DU?$char_traits@D@std@@V?$allocator@D@2@@std@@V12@@std@@QAE@XZ 00402120 f i 3DApplication.obj
 0001:00001170       ?initCEGUI@C3DApplication@Application@@AAE_NXZ 00402170 f   3DApplication.obj
 0001:00001650       ?releaseOgre@C3DApplication@Application@@AAEXXZ 00402650 f   3DApplication.obj
 0001:000016c0       ??0?$basic_string@DU?$char_traits@D@std@@V?$allocator@D@2@@std@@QAE@PBD@Z 004026c0 f i 3DApplication.obj
 0001:00001720       ??0?$basic_string@DU?$char_traits@D@std@@V?$allocator@D@2@@std@@QAE@$$QAV01@@Z 00402720 f i 3DApplication.obj
 0001:00001790       ??1?$pair@V?$basic_string@DU?$char_traits@D@std@@V?$allocator@D@2@@std@@_J@std@@QAE@XZ 00402790 f i Map:MapGenerator.obj
 0001:00001790       ??1?$pair@V?$basic_string@DU?$char_traits@D@std@@V?$allocator@D@2@@std@@PAVCApplicationState@Application@@@std@@QAE@XZ 00402790 f i BaseApplication.obj
 0001:00001790       ??1?$basic_string@DU?$char_traits@D@std@@V?$allocator@D@2@@std@@QAE@XZ 00402790 f i 3DApplication.obj
 0001:00001790       ??1?$pair@V?$basic_string@DU?$char_traits@D@std@@V?$allocator@D@2@@std@@P6APAVIComponent@Logic@@XZ@std@@QAE@XZ 00402790 f i Logic:ControllerComponent.obj
 0001:00001790       ??1?$pair@V?$basic_string@DU?$char_traits@D@std@@V?$allocator@D@2@@std@@PAVCConfigure@Configuration@Common@@@std@@QAE@XZ 00402790 f i Configure.obj
 0001:000017c0       ??1?$basic_stringbuf@DU?$char_traits@D@std@@V?$allocator@D@2@@std@@UAE@XZ 004027c0 f i 3DApplication.obj
 0001:00001830       ?overflow@?$basic_stringbuf@DU?$char_traits@D@std@@V?$allocator@D@2@@std@@MAEHH@Z 00402830 f i 3DApplication.obj
 0001:00001a00       ?pbackfail@?$basic_stringbuf@DU?$char_traits@D@std@@V?$allocator@D@2@@std@@MAEHH@Z 00402a00 f i 3DApplication.obj
 0001:00001a60       ?underflow@?$basic_stringbuf@DU?$char_traits@D@std@@V?$allocator@D@2@@std@@MAEHXZ 00402a60 f i 3DApplication.obj
 0001:00001ac0       ?seekoff@?$basic_stringbuf@DU?$char_traits@D@std@@V?$allocator@D@2@@std@@MAE?AV?$fpos@H@2@_JHH@Z 00402ac0 f i 3DApplication.obj
 0001:00001c90       ?seekpos@?$basic_stringbuf@DU?$char_traits@D@std@@V?$allocator@D@2@@std@@MAE?AV?$fpos@H@2@V32@H@Z 00402c90 f i 3DApplication.obj
 0001:00001dc0       ?str@?$basic_ostringstream@DU?$char_traits@D@std@@V?$allocator@D@2@@std@@QBE?AV?$basic_string@DU?$char_traits@D@std@@V?$allocator@D@2@@2@XZ 00402dc0 f i 3DApplication.obj
 0001:00001de0       ?peekNextKey@?$MapIteratorWrapper@V?$map@V?$basic_string@DU?$char_traits@D@std@@V?$allocator@D@2@@std@@PAV?$multimap@V?$basic_string@DU?$char_traits@D@std@@V?$allocator@D@2@@std@@V12@U?$less@V?$basic_string@DU?$char_traits@D@std@@V?$allocator@D@2@@std@@@2@V?$STLAllocator@U?$pair@$$CBV?$basic_string@DU?$char_traits@D@std@@V?$allocator@D@2@@std@@V12@@std@@V?$CategorisedAllocPolicy@$0A@@Ogre@@@Ogre@@@2@U?$less@V?$basic_string@DU?$char_traits@D@std@@V?$allocator@D@2@@std@@@2@V?$STLAllocator@U?$pair@$$CBV?$basic_string@DU?$char_traits@D@std@@V?$allocator@D@2@@std@@PAV?$multimap@V?$basic_string@DU?$char_traits@D@std@@V?$allocator@D@2@@std@@V12@U?$less@V?$basic_string@DU?$char_traits@D@std@@V?$allocator@D@2@@std@@@2@V?$STLAllocator@U?$pair@$$CBV?$basic_string@DU?$char_traits@D@std@@V?$allocator@D@2@@std@@V12@@std@@V?$CategorisedAllocPolicy@$0A@@Ogre@@@Ogre@@@2@@std@@V?$CategorisedAllocPolicy@$0A@@Ogre@@@Ogre@@@std@@V?$_Tree_iterator@V?$_Tree_val@U?$_Tree_simple_types@U?$pair@$$CBV?$basic_string@DU?$char_traits@D@std@@V?$allocator@D@2@@std@@PAV?$multimap@V?$basic_string@DU?$char_traits@D@std@@V?$allocator@D@2@@std@@V12@U?$less@V?$basic_string@DU?$char_traits@D@std@@V?$allocator@D@2@@std@@@2@V?$STLAllocator@U?$pair@$$CBV?$basic_string@DU?$char_traits@D@std@@V?$allocator@D@2@@std@@V12@@std@@V?$CategorisedAllocPolicy@$0A@@Ogre@@@Ogre@@@2@@std@@@std@@@std@@@2@@Ogre@@QBE?AV?$basic_string@DU?$char_traits@D@std@@V?$allocator@D@2@@std@@XZ 00402de0 f i 3DApplication.obj
 0001:00001e20       ??_G?$basic_stringbuf@DU?$char_traits@D@std@@V?$allocator@D@2@@std@@UAEPAXI@Z 00402e20 f i 3DApplication.obj
 0001:00001e20       ??_E?$basic_stringbuf@DU?$char_traits@D@std@@V?$allocator@D@2@@std@@UAEPAXI@Z 00402e20 f i * CIL library *:* CIL module *
 0001:00001e50       ??_E?$basic_ostringstream@DU?$char_traits@D@std@@V?$allocator@D@2@@std@@UAEPAXI@Z 00402e50 f i * CIL library *:* CIL module *
 0001:00001e50       ??_G?$basic_ostringstream@DU?$char_traits@D@std@@V?$allocator@D@2@@std@@UAEPAXI@Z 00402e50 f i 3DApplication.obj
 0001:00001eb0       ?assign@?$basic_string@DU?$char_traits@D@std@@V?$allocator@D@2@@std@@QAEAAV12@ABV12@II@Z 00402eb0 f i 3DApplication.obj
 0001:00001fd0       ?erase@?$basic_string@DU?$char_traits@D@std@@V?$allocator@D@2@@std@@QAEAAV12@II@Z 00402fd0 f i 3DApplication.obj
 0001:00002070       ?allocate@?$_Wrap_alloc@V?$allocator@D@std@@@std@@QAEPADI@Z 00403070 f i 3DApplication.obj
 0001:00002070       ?allocate@?$allocator@D@std@@QAEPADI@Z 00403070 f i 3DApplication.obj
 0001:000020a0       ??R?$less@V?$basic_string@DU?$char_traits@D@std@@V?$allocator@D@2@@std@@@std@@QBE_NABV?$basic_string@DU?$char_traits@D@std@@V?$allocator@D@2@@1@0@Z 004030a0 f i 3DApplication.obj
 0001:00002100       ?str@?$basic_stringbuf@DU?$char_traits@D@std@@V?$allocator@D@2@@std@@QBE?AV?$basic_string@DU?$char_traits@D@std@@V?$allocator@D@2@@2@XZ 00403100 f i 3DApplication.obj
 0001:00002230       ??E?$_Tree_unchecked_const_iterator@V?$_Tree_val@U?$_Tree_simple_types@U?$pair@$$CBIPAVCEntity@Logic@@@std@@@std@@@std@@U_Iterator_base0@2@@std@@QAEAAV01@XZ 00403230 f i Logic:Scene.obj
 0001:00002230       ??E?$_Tree_unchecked_const_iterator@V?$_Tree_val@U?$_Tree_simple_types@U?$pair@$$CBW4TKeyID@Key@Input@Common@@PAVICommand@Command@Controller@GUI@@@std@@@std@@@std@@U_Iterator_base0@2@@std@@QAEAAV01@XZ 00403230 f i GUI:PlayerController.obj
 0001:00002230       ??E?$_Tree_unchecked_const_iterator@V?$_Tree_val@U?$_Tree_simple_types@U?$pair@QAVCMouseState@InputListener@GUI@@PAVICommand@Command@Controller@3@@std@@@std@@@std@@U_Iterator_base0@2@@std@@QAEAAV01@XZ 00403230 f i GUI:PlayerController.obj
 0001:00002230       ??E?$_Tree_unchecked_const_iterator@V?$_Tree_val@U?$_Tree_simple_types@U?$pair@$$CBV?$basic_string@DU?$char_traits@D@std@@V?$allocator@D@2@@std@@_J@std@@@std@@@std@@U_Iterator_base0@2@@std@@QAEAAV01@XZ 00403230 f i Map:MapGenerator.obj
 0001:00002230       ??E?$_Tree_unchecked_const_iterator@V?$_Tree_val@U?$_Tree_simple_types@U?$pair@$$CBV?$basic_string@DU?$char_traits@D@std@@V?$allocator@D@2@@std@@P6APAVIComponent@Logic@@XZ@std@@@std@@@std@@U_Iterator_base0@2@@std@@QAEAAV01@XZ 00403230 f i Logic:EntityFactory.obj
 0001:00002230       ??E?$_Tree_unchecked_const_iterator@V?$_Tree_val@U?$_Tree_simple_types@U?$pair@$$CBV?$basic_string@DU?$char_traits@D@std@@V?$allocator@D@2@@std@@V?$vector@UTXMLComponent@Blueprints@Data@Common@@V?$allocator@UTXMLComponent@Blueprints@Data@Common@@@std@@@2@@std@@@std@@@std@@U_Iterator_base0@2@@std@@QAEAAV01@XZ 00403230 f i XmlParser.obj
 0001:00002230       ??E?$_Tree_unchecked_const_iterator@V?$_Tree_val@U?$_Tree_simple_types@U?$pair@$$CBV?$basic_string@DU?$char_traits@D@std@@V?$allocator@D@2@@std@@UTBluePrint@CEntityFactory@Logic@@@std@@@std@@@std@@U_Iterator_base0@2@@std@@QAEAAV01@XZ 00403230 f i Logic:EntityFactory.obj
 0001:00002230       ??E?$_Tree_unchecked_const_iterator@V?$_Tree_val@U?$_Tree_simple_types@U?$pair@$$CBV?$basic_string@DU?$char_traits@D@std@@V?$allocator@D@2@@std@@PAVCConfigure@Configuration@Common@@@std@@@std@@@std@@U_Iterator_base0@2@@std@@QAEAAV01@XZ 00403230 f i Configure.obj
 0001:00002230       ??E?$_Tree_unchecked_const_iterator@V?$_Tree_val@U?$_Tree_simple_types@U?$pair@QBXUtss_data_node@detail@boost@@@std@@@std@@@std@@U_Iterator_base0@2@@std@@QAEAAV01@XZ 00403230 f i libboost_thread-vc110-mt-1_55:thread.obj
 0001:00002230       ??E?$_Tree_unchecked_const_iterator@V?$_Tree_val@U?$_Tree_simple_types@U?$pair@$$CBV?$basic_string@DU?$char_traits@D@std@@V?$allocator@D@2@@std@@PAVCApplicationState@Application@@@std@@@std@@@std@@U_Iterator_base0@2@@std@@QAEAAV01@XZ 00403230 f i BaseApplication.obj
 0001:00002230       ??E?$_Tree_unchecked_const_iterator@V?$_Tree_val@U?$_Tree_simple_types@U?$pair@$$CBV?$basic_string@DU?$char_traits@D@std@@V?$allocator@D@2@@std@@V12@@std@@@std@@@std@@U_Iterator_base0@2@@std@@QAEAAV01@XZ 00403230 f i 3DApplication.obj
 0001:00002280       ?assign@?$basic_string@DU?$char_traits@D@std@@V?$allocator@D@2@@std@@QAEAAV12@PBDI@Z 00403280 f i 3DApplication.obj
 0001:00002380       ?erase@?$basic_string@DU?$char_traits@D@std@@V?$allocator@D@2@@std@@QAEAAV12@I@Z 00403380 f i 3DApplication.obj
 0001:000023c0       ?_Eos@?$basic_string@DU?$char_traits@D@std@@V?$allocator@D@2@@std@@QAEXI@Z 004033c0 f i 3DApplication.obj
 0001:000023f0       ?_Grow@?$basic_string@DU?$char_traits@D@std@@V?$allocator@D@2@@std@@QAE_NI_N@Z 004033f0 f i 3DApplication.obj
 0001:000024a0       ??0?$terminal@Ubin_float@tag@spirit@boost@@@spirit@boost@@QAE@XZ 004034a0 f i libboost_log-vc110-mt-1_55:text_file_backend.obj
 0001:000024a0       ??0?$terminal@Uword@tag@spirit@boost@@@spirit@boost@@QAE@XZ 004034a0 f i libboost_log-vc110-mt-1_55:text_file_backend.obj
 0001:000024a0       ??0?$terminal@U?$char_code@Uchar_@tag@spirit@boost@@Uascii@char_encoding@34@@tag@spirit@boost@@@spirit@boost@@QAE@XZ 004034a0 f i libboost_log-vc110-mt-1_55:text_file_backend.obj
 0001:000024a0       ??0?$terminal@Ustream@tag@spirit@boost@@@spirit@boost@@QAE@XZ 004034a0 f i libboost_log-vc110-mt-1_55:text_file_backend.obj
 0001:000024a0       ??0?$_Wrap_alloc@V?$allocator@_W@std@@@std@@QAE@XZ 004034a0 f i log.obj
 0001:000024a0       ??0?$terminal@Uskip@tag@spirit@boost@@@spirit@boost@@QAE@XZ 004034a0 f i libboost_log-vc110-mt-1_55:text_file_backend.obj
 0001:000024a0       ??0?$_Wrap_alloc@V?$allocator@U?$_Tree_node@U?$pair@$$CBV?$basic_string@DU?$char_traits@D@std@@V?$allocator@D@2@@std@@PAVCConfigure@Configuration@Common@@@std@@PAX@std@@@std@@@std@@QAE@XZ 004034a0 f i Configure.obj
 0001:000024a0       ??0?$terminal@Utoken@tag@spirit@boost@@@spirit@boost@@QAE@XZ 004034a0 f i libboost_log-vc110-mt-1_55:text_file_backend.obj
 0001:000024a0       ??0?$terminal@Ulittle_dword@tag@spirit@boost@@@spirit@boost@@QAE@XZ 004034a0 f i libboost_log-vc110-mt-1_55:text_file_backend.obj
 0001:000024a0       ??0?$terminal@Uleft_align@tag@spirit@boost@@@spirit@boost@@QAE@XZ 004034a0 f i libboost_log-vc110-mt-1_55:text_file_backend.obj
 0001:000024a0       ??0?$terminal@Ubyte_@tag@spirit@boost@@@spirit@boost@@QAE@XZ 004034a0 f i libboost_log-vc110-mt-1_55:text_file_backend.obj
 0001:000024a0       ??0?$terminal@Uoct@tag@spirit@boost@@@spirit@boost@@QAE@XZ 004034a0 f i libboost_log-vc110-mt-1_55:text_file_backend.obj
 0001:000024a0       ??0?$_Wrap_alloc@V?$allocator@D@std@@@std@@QAE@XZ 004034a0 f i 3DApplication.obj
 0001:000024a0       ??0?$terminal@Upad@tag@spirit@boost@@@spirit@boost@@QAE@XZ 004034a0 f i libboost_log-vc110-mt-1_55:text_file_backend.obj
 0001:000024a0       ??0?$terminal@Umaxwidth@tag@spirit@boost@@@spirit@boost@@QAE@XZ 004034a0 f i libboost_log-vc110-mt-1_55:text_file_backend.obj
 0001:000024a0       ??0?$terminal@Ubig_bin_double@tag@spirit@boost@@@spirit@boost@@QAE@XZ 004034a0 f i libboost_log-vc110-mt-1_55:text_file_backend.obj
 0001:000024a0       ??0?$terminal@Uright_align@tag@spirit@boost@@@spirit@boost@@QAE@XZ 004034a0 f i libboost_log-vc110-mt-1_55:text_file_backend.obj
 0001:000024a0       ??0?$terminal@Ubin_double@tag@spirit@boost@@@spirit@boost@@QAE@XZ 004034a0 f i libboost_log-vc110-mt-1_55:text_file_backend.obj
 0001:000024a0       ??0?$terminal@Udelimit@tag@spirit@boost@@@spirit@boost@@QAE@XZ 004034a0 f i libboost_log-vc110-mt-1_55:text_file_backend.obj
 0001:000024a0       ??0?$terminal@Ubig_bin_float@tag@spirit@boost@@@spirit@boost@@QAE@XZ 004034a0 f i libboost_log-vc110-mt-1_55:text_file_backend.obj
 0001:000024a0       ??0?$terminal@Ueps@tag@spirit@boost@@@spirit@boost@@QAE@XZ 004034a0 f i libboost_log-vc110-mt-1_55:text_file_backend.obj
 0001:000024a0       ??0?$terminal@Uraw_token@tag@spirit@boost@@@spirit@boost@@QAE@XZ 004034a0 f i libboost_log-vc110-mt-1_55:text_file_backend.obj
 0001:000024a0       ??0?$terminal@Ucenter@tag@spirit@boost@@@spirit@boost@@QAE@XZ 004034a0 f i libboost_log-vc110-mt-1_55:text_file_backend.obj
 0001:000024a0       ??0?$terminal@Ubool_@tag@spirit@boost@@@spirit@boost@@QAE@XZ 004034a0 f i libboost_log-vc110-mt-1_55:text_file_backend.obj
 0001:000024a0       ??0?$terminal@Ulong_double@tag@spirit@boost@@@spirit@boost@@QAE@XZ 004034a0 f i libboost_log-vc110-mt-1_55:text_file_backend.obj
 0001:000024a0       ??0?$terminal@Uauto_@tag@spirit@boost@@@spirit@boost@@QAE@XZ 004034a0 f i libboost_log-vc110-mt-1_55:text_file_backend.obj
 0001:000024a0       ??0?$terminal@U?$char_code@Uchar_@tag@spirit@boost@@Ustandard@char_encoding@34@@tag@spirit@boost@@@spirit@boost@@QAE@XZ 004034a0 f i libboost_log-vc110-mt-1_55:text_file_backend.obj
 0001:000024a0       ??0?$terminal@Utokenid@tag@spirit@boost@@@spirit@boost@@QAE@XZ 004034a0 f i libboost_log-vc110-mt-1_55:text_file_backend.obj
 0001:000024a0       ??0?$terminal@Ulittle_bin_double@tag@spirit@boost@@@spirit@boost@@QAE@XZ 004034a0 f i libboost_log-vc110-mt-1_55:text_file_backend.obj
 0001:000024a0       ??0?$terminal@Ulong_@tag@spirit@boost@@@spirit@boost@@QAE@XZ 004034a0 f i libboost_log-vc110-mt-1_55:text_file_backend.obj
 0001:000024a0       ??0?$terminal@Uin_state@tag@spirit@boost@@@spirit@boost@@QAE@XZ 004034a0 f i libboost_log-vc110-mt-1_55:text_file_backend.obj
 0001:000024a0       ??0?$terminal@Uulong_@tag@spirit@boost@@@spirit@boost@@QAE@XZ 004034a0 f i libboost_log-vc110-mt-1_55:text_file_backend.obj
 0001:000024a0       ??0?$terminal@Ucolumns@tag@spirit@boost@@@spirit@boost@@QAE@XZ 004034a0 f i libboost_log-vc110-mt-1_55:text_file_backend.obj
 0001:000024a0       ??0?$terminal@Ulittle_word@tag@spirit@boost@@@spirit@boost@@QAE@XZ 004034a0 f i libboost_log-vc110-mt-1_55:text_file_backend.obj
 0001:000024a0       ??0?$terminal@U?$char_code@Uchar_@tag@spirit@boost@@Ustandard_wide@char_encoding@34@@tag@spirit@boost@@@spirit@boost@@QAE@XZ 004034a0 f i libboost_log-vc110-mt-1_55:text_file_backend.obj
 0001:000024a0       ??0?$terminal@Uhex@tag@spirit@boost@@@spirit@boost@@QAE@XZ 004034a0 f i libboost_log-vc110-mt-1_55:text_file_backend.obj
 0001:000024a0       ??0?$terminal@Uattr@tag@spirit@boost@@@spirit@boost@@QAE@XZ 004034a0 f i libboost_log-vc110-mt-1_55:text_file_backend.obj
 0001:000024a0       ??0?$terminal@Ulittle_bin_float@tag@spirit@boost@@@spirit@boost@@QAE@XZ 004034a0 f i libboost_log-vc110-mt-1_55:text_file_backend.obj
 0001:000024a0       ??0?$terminal@Uuint_@tag@spirit@boost@@@spirit@boost@@QAE@XZ 004034a0 f i libboost_log-vc110-mt-1_55:text_file_backend.obj
 0001:000024a0       ??0?$terminal@Uwstream@tag@spirit@boost@@@spirit@boost@@QAE@XZ 004034a0 f i libboost_log-vc110-mt-1_55:text_file_backend.obj
 0001:000024a0       ??0?$terminal@Ulong_long@tag@spirit@boost@@@spirit@boost@@QAE@XZ 004034a0 f i libboost_log-vc110-mt-1_55:text_file_backend.obj
 0001:000024a0       ??0?$terminal@Uulong_long@tag@spirit@boost@@@spirit@boost@@QAE@XZ 004034a0 f i libboost_log-vc110-mt-1_55:text_file_backend.obj
 0001:000024a0       ??0?$terminal@U?$char_code@Ustring@tag@spirit@boost@@Uascii@char_encoding@34@@tag@spirit@boost@@@spirit@boost@@QAE@XZ 004034a0 f i libboost_log-vc110-mt-1_55:text_file_backend.obj
 0001:000024a0       ??0?$terminal@Uset_state@tag@spirit@boost@@@spirit@boost@@QAE@XZ 004034a0 f i libboost_log-vc110-mt-1_55:text_file_backend.obj
 0001:000024a0       ??0?$terminal@Utokenid_mask@tag@spirit@boost@@@spirit@boost@@QAE@XZ 004034a0 f i libboost_log-vc110-mt-1_55:text_file_backend.obj
 0001:000024a0       ??0?$terminal@Udword@tag@spirit@boost@@@spirit@boost@@QAE@XZ 004034a0 f i libboost_log-vc110-mt-1_55:text_file_backend.obj
 0001:000024a0       ??0?$terminal@U?$char_code@Ustring@tag@spirit@boost@@Uiso8859_1@char_encoding@34@@tag@spirit@boost@@@spirit@boost@@QAE@XZ 004034a0 f i libboost_log-vc110-mt-1_55:text_file_backend.obj
 0001:000024a0       ??0?$terminal@Udouble_@tag@spirit@boost@@@spirit@boost@@QAE@XZ 004034a0 f i libboost_log-vc110-mt-1_55:text_file_backend.obj
 0001:000024a0       ??0?$terminal@U?$char_code@Uchar_@tag@spirit@boost@@Uiso8859_1@char_encoding@34@@tag@spirit@boost@@@spirit@boost@@QAE@XZ 004034a0 f i libboost_log-vc110-mt-1_55:text_file_backend.obj
 0001:000024a0       ??0?$terminal@Ubig_qword@tag@spirit@boost@@@spirit@boost@@QAE@XZ 004034a0 f i libboost_log-vc110-mt-1_55:text_file_backend.obj
 0001:000024a0       ??0?$terminal@Uushort_@tag@spirit@boost@@@spirit@boost@@QAE@XZ 004034a0 f i libboost_log-vc110-mt-1_55:text_file_backend.obj
 0001:000024a0       ??0?$terminal@Ulit@tag@spirit@boost@@@spirit@boost@@QAE@XZ 004034a0 f i libboost_log-vc110-mt-1_55:text_file_backend.obj
 0001:000024a0       ??0?$terminal@Ufloat_@tag@spirit@boost@@@spirit@boost@@QAE@XZ 004034a0 f i libboost_log-vc110-mt-1_55:text_file_backend.obj
 0001:000024a0       ??0?$terminal@Ubig_word@tag@spirit@boost@@@spirit@boost@@QAE@XZ 004034a0 f i libboost_log-vc110-mt-1_55:text_file_backend.obj
 0001:000024a0       ??0?$terminal@Ulittle_qword@tag@spirit@boost@@@spirit@boost@@QAE@XZ 004034a0 f i libboost_log-vc110-mt-1_55:text_file_backend.obj
 0001:000024a0       ??0?$terminal@U?$char_code@Ustring@tag@spirit@boost@@Ustandard@char_encoding@34@@tag@spirit@boost@@@spirit@boost@@QAE@XZ 004034a0 f i libboost_log-vc110-mt-1_55:text_file_backend.obj
 0001:000024a0       ??0?$terminal@Ubin@tag@spirit@boost@@@spirit@boost@@QAE@XZ 004034a0 f i libboost_log-vc110-mt-1_55:text_file_backend.obj
 0001:000024a0       ??0?$terminal@U?$char_code@Ustring@tag@spirit@boost@@Ustandard_wide@char_encoding@34@@tag@spirit@boost@@@spirit@boost@@QAE@XZ 004034a0 f i libboost_log-vc110-mt-1_55:text_file_backend.obj
 0001:000024a0       ??0?$terminal@Ushort_@tag@spirit@boost@@@spirit@boost@@QAE@XZ 004034a0 f i libboost_log-vc110-mt-1_55:text_file_backend.obj
 0001:000024a0       ??0?$terminal@Uint_@tag@spirit@boost@@@spirit@boost@@QAE@XZ 004034a0 f i libboost_log-vc110-mt-1_55:text_file_backend.obj
 0001:000024a0       ??0?$terminal@Ubig_dword@tag@spirit@boost@@@spirit@boost@@QAE@XZ 004034a0 f i libboost_log-vc110-mt-1_55:text_file_backend.obj
 0001:000024a0       ??0?$terminal@Uqword@tag@spirit@boost@@@spirit@boost@@QAE@XZ 004034a0 f i libboost_log-vc110-mt-1_55:text_file_backend.obj
 0001:000024a0       ??0?$terminal@Urepeat@tag@spirit@boost@@@spirit@boost@@QAE@XZ 004034a0 f i libboost_log-vc110-mt-1_55:text_file_backend.obj
 0001:000024b0       ?_Init@?$basic_stringbuf@DU?$char_traits@D@std@@V?$allocator@D@2@@std@@IAEXPBDIH@Z 004034b0 f i 3DApplication.obj
 0001:00002570       ?erase@?$_Tree@V?$_Tmap_traits@V?$basic_string@DU?$char_traits@D@std@@V?$allocator@D@2@@std@@V12@U?$less@V?$basic_string@DU?$char_traits@D@std@@V?$allocator@D@2@@std@@@2@V?$allocator@U?$pair@$$CBV?$basic_string@DU?$char_traits@D@std@@V?$allocator@D@2@@std@@V12@@std@@@2@$00@std@@@std@@QAE?AV?$_Tree_iterator@V?$_Tree_val@U?$_Tree_simple_types@U?$pair@$$CBV?$basic_string@DU?$char_traits@D@std@@V?$allocator@D@2@@std@@V12@@std@@@std@@@std@@@2@V?$_Tree_const_iterator@V?$_Tree_val@U?$_Tree_simple_types@U?$pair@$$CBV?$basic_string@DU?$char_traits@D@std@@V?$allocator@D@2@@std@@V12@@std@@@std@@@std@@@2@0@Z 00403570 f i 3DApplication.obj
 0001:00002570       ?erase@?$_Tree@V?$_Tmap_traits@V?$basic_string@DU?$char_traits@D@std@@V?$allocator@D@2@@std@@V12@U?$less@V?$basic_string@DU?$char_traits@D@std@@V?$allocator@D@2@@std@@@2@V?$allocator@U?$pair@$$CBV?$basic_string@DU?$char_traits@D@std@@V?$allocator@D@2@@std@@V12@@std@@@2@$0A@@std@@@std@@QAE?AV?$_Tree_iterator@V?$_Tree_val@U?$_Tree_simple_types@U?$pair@$$CBV?$basic_string@DU?$char_traits@D@std@@V?$allocator@D@2@@std@@V12@@std@@@std@@@std@@@2@V?$_Tree_const_iterator@V?$_Tree_val@U?$_Tree_simple_types@U?$pair@$$CBV?$basic_string@DU?$char_traits@D@std@@V?$allocator@D@2@@std@@V12@@std@@@std@@@std@@@2@0@Z 00403570 f i Configure.obj
 0001:00002630       ?_Copy@?$basic_string@DU?$char_traits@D@std@@V?$allocator@D@2@@std@@QAEXII@Z 00403630 f i 3DApplication.obj
 0001:00002790       ?erase@?$_Tree@V?$_Tmap_traits@V?$basic_string@DU?$char_traits@D@std@@V?$allocator@D@2@@std@@V12@U?$less@V?$basic_string@DU?$char_traits@D@std@@V?$allocator@D@2@@std@@@2@V?$allocator@U?$pair@$$CBV?$basic_string@DU?$char_traits@D@std@@V?$allocator@D@2@@std@@V12@@std@@@2@$0A@@std@@@std@@QAE?AV?$_Tree_iterator@V?$_Tree_val@U?$_Tree_simple_types@U?$pair@$$CBV?$basic_string@DU?$char_traits@D@std@@V?$allocator@D@2@@std@@V12@@std@@@std@@@std@@@2@V?$_Tree_const_iterator@V?$_Tree_val@U?$_Tree_simple_types@U?$pair@$$CBV?$basic_string@DU?$char_traits@D@std@@V?$allocator@D@2@@std@@V12@@std@@@std@@@std@@@2@@Z 00403790 f i Configure.obj
 0001:00002790       ?erase@?$_Tree@V?$_Tmap_traits@V?$basic_string@DU?$char_traits@D@std@@V?$allocator@D@2@@std@@V12@U?$less@V?$basic_string@DU?$char_traits@D@std@@V?$allocator@D@2@@std@@@2@V?$allocator@U?$pair@$$CBV?$basic_string@DU?$char_traits@D@std@@V?$allocator@D@2@@std@@V12@@std@@@2@$00@std@@@std@@QAE?AV?$_Tree_iterator@V?$_Tree_val@U?$_Tree_simple_types@U?$pair@$$CBV?$basic_string@DU?$char_traits@D@std@@V?$allocator@D@2@@std@@V12@@std@@@std@@@std@@@2@V?$_Tree_const_iterator@V?$_Tree_val@U?$_Tree_simple_types@U?$pair@$$CBV?$basic_string@DU?$char_traits@D@std@@V?$allocator@D@2@@std@@V12@@std@@@std@@@std@@@2@@Z 00403790 f i 3DApplication.obj
 0001:00002a60       ?_Max@?$_Tree_val@U?$_Tree_simple_types@U?$pair@$$CBW4TKeyID@Key@Input@Common@@PAVICommand@Command@Controller@GUI@@@std@@@std@@@std@@SAPAU?$_Tree_node@U?$pair@$$CBW4TKeyID@Key@Input@Common@@PAVICommand@Command@Controller@GUI@@@std@@PAX@2@PAU32@@Z 00403a60 f i GUI:PlayerController.obj
 0001:00002a60       ?_Max@?$_Tree_val@U?$_Tree_simple_types@U?$pair@$$CBV?$basic_string@DU?$char_traits@D@std@@V?$allocator@D@2@@std@@V12@@std@@@std@@@std@@SAPAU?$_Tree_node@U?$pair@$$CBV?$basic_string@DU?$char_traits@D@std@@V?$allocator@D@2@@std@@V12@@std@@PAX@2@PAU32@@Z 00403a60 f i 3DApplication.obj
 0001:00002a60       ?_Max@?$_Tree_val@U?$_Tree_simple_types@U?$pair@$$CBV?$basic_string@DU?$char_traits@D@std@@V?$allocator@D@2@@std@@V?$vector@UTXMLComponent@Blueprints@Data@Common@@V?$allocator@UTXMLComponent@Blueprints@Data@Common@@@std@@@2@@std@@@std@@@std@@SAPAU?$_Tree_node@U?$pair@$$CBV?$basic_string@DU?$char_traits@D@std@@V?$allocator@D@2@@std@@V?$vector@UTXMLComponent@Blueprints@Data@Common@@V?$allocator@UTXMLComponent@Blueprints@Data@Common@@@std@@@2@@std@@PAX@2@PAU32@@Z 00403a60 f i XmlParser.obj
 0001:00002a60       ?_Max@?$_Tree_val@U?$_Tree_simple_types@U?$pair@$$CBV?$basic_string@DU?$char_traits@D@std@@V?$allocator@D@2@@std@@P6APAVIComponent@Logic@@XZ@std@@@std@@@std@@SAPAU?$_Tree_node@U?$pair@$$CBV?$basic_string@DU?$char_traits@D@std@@V?$allocator@D@2@@std@@P6APAVIComponent@Logic@@XZ@std@@PAX@2@PAU32@@Z 00403a60 f i Logic:ControllerComponent.obj
 0001:00002a60       ?_Max@?$_Tree_val@U?$_Tree_simple_types@U?$pair@$$CBV?$basic_string@DU?$char_traits@D@std@@V?$allocator@D@2@@std@@PAVCApplicationState@Application@@@std@@@std@@@std@@SAPAU?$_Tree_node@U?$pair@$$CBV?$basic_string@DU?$char_traits@D@std@@V?$allocator@D@2@@std@@PAVCApplicationState@Application@@@std@@PAX@2@PAU32@@Z 00403a60 f i BaseApplication.obj
 0001:00002a60       ?_Max@?$_Tree_val@U?$_Tree_simple_types@U?$pair@$$CBIPAVCEntity@Logic@@@std@@@std@@@std@@SAPAU?$_Tree_node@U?$pair@$$CBIPAVCEntity@Logic@@@std@@PAX@2@PAU32@@Z 00403a60 f i Logic:Scene.obj
 0001:00002a60       ?_Max@?$_Tree_val@U?$_Tree_simple_types@U?$pair@$$CBV?$basic_string@DU?$char_traits@D@std@@V?$allocator@D@2@@std@@PAVCConfigure@Configuration@Common@@@std@@@std@@@std@@SAPAU?$_Tree_node@U?$pair@$$CBV?$basic_string@DU?$char_traits@D@std@@V?$allocator@D@2@@std@@PAVCConfigure@Configuration@Common@@@std@@PAX@2@PAU32@@Z 00403a60 f i Configure.obj
 0001:00002a60       ?_Max@?$_Tree_val@U?$_Tree_simple_types@U?$pair@$$CBV?$basic_string@DU?$char_traits@D@std@@V?$allocator@D@2@@std@@UTBluePrint@CEntityFactory@Logic@@@std@@@std@@@std@@SAPAU?$_Tree_node@U?$pair@$$CBV?$basic_string@DU?$char_traits@D@std@@V?$allocator@D@2@@std@@UTBluePrint@CEntityFactory@Logic@@@std@@PAX@2@PAU32@@Z 00403a60 f i Logic:EntityFactory.obj
 0001:00002a60       ?_Max@?$_Tree_val@U?$_Tree_simple_types@U?$pair@$$CBV?$basic_string@DU?$char_traits@D@std@@V?$allocator@D@2@@std@@_J@std@@@std@@@std@@SAPAU?$_Tree_node@U?$pair@$$CBV?$basic_string@DU?$char_traits@D@std@@V?$allocator@D@2@@std@@_J@std@@PAX@2@PAU32@@Z 00403a60 f i Map:MapGenerator.obj
 0001:00002a80       ?_Erase@?$_Tree@V?$_Tmap_traits@V?$basic_string@DU?$char_traits@D@std@@V?$allocator@D@2@@std@@V12@U?$less@V?$basic_string@DU?$char_traits@D@std@@V?$allocator@D@2@@std@@@2@V?$allocator@U?$pair@$$CBV?$basic_string@DU?$char_traits@D@std@@V?$allocator@D@2@@std@@V12@@std@@@2@$0A@@std@@@std@@IAEXPAU?$_Tree_node@U?$pair@$$CBV?$basic_string@DU?$char_traits@D@std@@V?$allocator@D@2@@std@@V12@@std@@PAX@2@@Z 00403a80 f i Configure.obj
 0001:00002a80       ?_Erase@?$_Tree@V?$_Tmap_traits@V?$basic_string@DU?$char_traits@D@std@@V?$allocator@D@2@@std@@V12@U?$less@V?$basic_string@DU?$char_traits@D@std@@V?$allocator@D@2@@std@@@2@V?$allocator@U?$pair@$$CBV?$basic_string@DU?$char_traits@D@std@@V?$allocator@D@2@@std@@V12@@std@@@2@$00@std@@@std@@IAEXPAU?$_Tree_node@U?$pair@$$CBV?$basic_string@DU?$char_traits@D@std@@V?$allocator@D@2@@std@@V12@@std@@PAX@2@@Z 00403a80 f i 3DApplication.obj
 0001:00002b10       ?_Lrotate@?$_Tree@V?$_Tmap_traits@V?$basic_string@DU?$char_traits@D@std@@V?$allocator@D@2@@std@@V12@U?$less@V?$basic_string@DU?$char_traits@D@std@@V?$allocator@D@2@@std@@@2@V?$allocator@U?$pair@$$CBV?$basic_string@DU?$char_traits@D@std@@V?$allocator@D@2@@std@@V12@@std@@@2@$00@std@@@std@@IAEXPAU?$_Tree_node@U?$pair@$$CBV?$basic_string@DU?$char_traits@D@std@@V?$allocator@D@2@@std@@V12@@std@@PAX@2@@Z 00403b10 f i 3DApplication.obj
 0001:00002b10       ?_Lrotate@?$_Tree@V?$_Tmap_traits@V?$basic_string@DU?$char_traits@D@std@@V?$allocator@D@2@@std@@UTBluePrint@CEntityFactory@Logic@@U?$less@V?$basic_string@DU?$char_traits@D@std@@V?$allocator@D@2@@std@@@2@V?$allocator@U?$pair@$$CBV?$basic_string@DU?$char_traits@D@std@@V?$allocator@D@2@@std@@UTBluePrint@CEntityFactory@Logic@@@std@@@2@$0A@@std@@@std@@IAEXPAU?$_Tree_node@U?$pair@$$CBV?$basic_string@DU?$char_traits@D@std@@V?$allocator@D@2@@std@@UTBluePrint@CEntityFactory@Logic@@@std@@PAX@2@@Z 00403b10 f i Logic:EntityFactory.obj
 0001:00002b10       ?_Lrotate@?$_Tree@V?$_Tmap_traits@V?$basic_string@DU?$char_traits@D@std@@V?$allocator@D@2@@std@@PAVCApplicationState@Application@@U?$less@V?$basic_string@DU?$char_traits@D@std@@V?$allocator@D@2@@std@@@2@V?$allocator@U?$pair@$$CBV?$basic_string@DU?$char_traits@D@std@@V?$allocator@D@2@@std@@PAVCApplicationState@Application@@@std@@@2@$0A@@std@@@std@@IAEXPAU?$_Tree_node@U?$pair@$$CBV?$basic_string@DU?$char_traits@D@std@@V?$allocator@D@2@@std@@PAVCApplicationState@Application@@@std@@PAX@2@@Z 00403b10 f i BaseApplication.obj
 0001:00002b10       ?_Lrotate@?$_Tree@V?$_Tmap_traits@W4TKeyID@Key@Input@Common@@PAVICommand@Command@Controller@GUI@@U?$less@W4TKeyID@Key@Input@Common@@@std@@V?$allocator@U?$pair@$$CBW4TKeyID@Key@Input@Common@@PAVICommand@Command@Controller@GUI@@@std@@@std@@$0A@@std@@@std@@IAEXPAU?$_Tree_node@U?$pair@$$CBW4TKeyID@Key@Input@Common@@PAVICommand@Command@Controller@GUI@@@std@@PAX@2@@Z 00403b10 f i GUI:PlayerController.obj
 0001:00002b10       ?_Lrotate@?$_Tree@V?$_Tmap_traits@IPAVCEntity@Logic@@U?$less@I@std@@V?$allocator@U?$pair@$$CBIPAVCEntity@Logic@@@std@@@4@$0A@@std@@@std@@IAEXPAU?$_Tree_node@U?$pair@$$CBIPAVCEntity@Logic@@@std@@PAX@2@@Z 00403b10 f i Logic:Scene.obj
 0001:00002b10       ?_Lrotate@?$_Tree@V?$_Tmap_traits@V?$basic_string@DU?$char_traits@D@std@@V?$allocator@D@2@@std@@V?$vector@UTXMLComponent@Blueprints@Data@Common@@V?$allocator@UTXMLComponent@Blueprints@Data@Common@@@std@@@2@U?$less@V?$basic_string@DU?$char_traits@D@std@@V?$allocator@D@2@@std@@@2@V?$allocator@U?$pair@$$CBV?$basic_string@DU?$char_traits@D@std@@V?$allocator@D@2@@std@@V?$vector@UTXMLComponent@Blueprints@Data@Common@@V?$allocator@UTXMLComponent@Blueprints@Data@Common@@@std@@@2@@std@@@2@$0A@@std@@@std@@IAEXPAU?$_Tree_node@U?$pair@$$CBV?$basic_string@DU?$char_traits@D@std@@V?$allocator@D@2@@std@@V?$vector@UTXMLComponent@Blueprints@Data@Common@@V?$allocator@UTXMLComponent@Blueprints@Data@Common@@@std@@@2@@std@@PAX@2@@Z 00403b10 f i XmlParser.obj
 0001:00002b10       ?_Lrotate@?$_Tree@V?$_Tmap_traits@V?$basic_string@DU?$char_traits@D@std@@V?$allocator@D@2@@std@@V12@U?$less@V?$basic_string@DU?$char_traits@D@std@@V?$allocator@D@2@@std@@@2@V?$allocator@U?$pair@$$CBV?$basic_string@DU?$char_traits@D@std@@V?$allocator@D@2@@std@@V12@@std@@@2@$0A@@std@@@std@@IAEXPAU?$_Tree_node@U?$pair@$$CBV?$basic_string@DU?$char_traits@D@std@@V?$allocator@D@2@@std@@V12@@std@@PAX@2@@Z 00403b10 f i Configure.obj
 0001:00002b10       ?_Lrotate@?$_Tree@V?$_Tmap_traits@V?$basic_string@DU?$char_traits@D@std@@V?$allocator@D@2@@std@@P6APAVIComponent@Logic@@XZU?$less@V?$basic_string@DU?$char_traits@D@std@@V?$allocator@D@2@@std@@@2@V?$allocator@U?$pair@$$CBV?$basic_string@DU?$char_traits@D@std@@V?$allocator@D@2@@std@@P6APAVIComponent@Logic@@XZ@std@@@2@$0A@@std@@@std@@IAEXPAU?$_Tree_node@U?$pair@$$CBV?$basic_string@DU?$char_traits@D@std@@V?$allocator@D@2@@std@@P6APAVIComponent@Logic@@XZ@std@@PAX@2@@Z 00403b10 f i Logic:ControllerComponent.obj
 0001:00002b10       ?_Lrotate@?$_Tree@V?$_Tmap_traits@PAVCMouseState@InputListener@GUI@@PAVICommand@Command@Controller@3@U?$less@PAVCMouseState@InputListener@GUI@@@std@@V?$allocator@U?$pair@QAVCMouseState@InputListener@GUI@@PAVICommand@Command@Controller@3@@std@@@8@$0A@@std@@@std@@IAEXPAU?$_Tree_node@U?$pair@QAVCMouseState@InputListener@GUI@@PAVICommand@Command@Controller@3@@std@@PAX@2@@Z 00403b10 f i GUI:PlayerController.obj
 0001:00002b10       ?_Lrotate@?$_Tree@V?$_Tmap_traits@V?$basic_string@DU?$char_traits@D@std@@V?$allocator@D@2@@std@@_JU?$less@V?$basic_string@DU?$char_traits@D@std@@V?$allocator@D@2@@std@@@2@V?$allocator@U?$pair@$$CBV?$basic_string@DU?$char_traits@D@std@@V?$allocator@D@2@@std@@_J@std@@@2@$0A@@std@@@std@@IAEXPAU?$_Tree_node@U?$pair@$$CBV?$basic_string@DU?$char_traits@D@std@@V?$allocator@D@2@@std@@_J@std@@PAX@2@@Z 00403b10 f i Map:MapGenerator.obj
 0001:00002b70       ?_Rrotate@?$_Tree@V?$_Tmap_traits@PAVCMouseState@InputListener@GUI@@PAVICommand@Command@Controller@3@U?$less@PAVCMouseState@InputListener@GUI@@@std@@V?$allocator@U?$pair@QAVCMouseState@InputListener@GUI@@PAVICommand@Command@Controller@3@@std@@@8@$0A@@std@@@std@@IAEXPAU?$_Tree_node@U?$pair@QAVCMouseState@InputListener@GUI@@PAVICommand@Command@Controller@3@@std@@PAX@2@@Z 00403b70 f i GUI:PlayerController.obj
 0001:00002b70       ?_Rrotate@?$_Tree@V?$_Tmap_traits@V?$basic_string@DU?$char_traits@D@std@@V?$allocator@D@2@@std@@P6APAVIComponent@Logic@@XZU?$less@V?$basic_string@DU?$char_traits@D@std@@V?$allocator@D@2@@std@@@2@V?$allocator@U?$pair@$$CBV?$basic_string@DU?$char_traits@D@std@@V?$allocator@D@2@@std@@P6APAVIComponent@Logic@@XZ@std@@@2@$0A@@std@@@std@@IAEXPAU?$_Tree_node@U?$pair@$$CBV?$basic_string@DU?$char_traits@D@std@@V?$allocator@D@2@@std@@P6APAVIComponent@Logic@@XZ@std@@PAX@2@@Z 00403b70 f i Logic:ControllerComponent.obj
 0001:00002b70       ?_Rrotate@?$_Tree@V?$_Tmap_traits@V?$basic_string@DU?$char_traits@D@std@@V?$allocator@D@2@@std@@PAVCApplicationState@Application@@U?$less@V?$basic_string@DU?$char_traits@D@std@@V?$allocator@D@2@@std@@@2@V?$allocator@U?$pair@$$CBV?$basic_string@DU?$char_traits@D@std@@V?$allocator@D@2@@std@@PAVCApplicationState@Application@@@std@@@2@$0A@@std@@@std@@IAEXPAU?$_Tree_node@U?$pair@$$CBV?$basic_string@DU?$char_traits@D@std@@V?$allocator@D@2@@std@@PAVCApplicationState@Application@@@std@@PAX@2@@Z 00403b70 f i BaseApplication.obj
 0001:00002b70       ?_Rrotate@?$_Tree@V?$_Tmap_traits@V?$basic_string@DU?$char_traits@D@std@@V?$allocator@D@2@@std@@UTBluePrint@CEntityFactory@Logic@@U?$less@V?$basic_string@DU?$char_traits@D@std@@V?$allocator@D@2@@std@@@2@V?$allocator@U?$pair@$$CBV?$basic_string@DU?$char_traits@D@std@@V?$allocator@D@2@@std@@UTBluePrint@CEntityFactory@Logic@@@std@@@2@$0A@@std@@@std@@IAEXPAU?$_Tree_node@U?$pair@$$CBV?$basic_string@DU?$char_traits@D@std@@V?$allocator@D@2@@std@@UTBluePrint@CEntityFactory@Logic@@@std@@PAX@2@@Z 00403b70 f i Logic:EntityFactory.obj
 0001:00002b70       ?_Rrotate@?$_Tree@V?$_Tmap_traits@V?$basic_string@DU?$char_traits@D@std@@V?$allocator@D@2@@std@@V12@U?$less@V?$basic_string@DU?$char_traits@D@std@@V?$allocator@D@2@@std@@@2@V?$allocator@U?$pair@$$CBV?$basic_string@DU?$char_traits@D@std@@V?$allocator@D@2@@std@@V12@@std@@@2@$0A@@std@@@std@@IAEXPAU?$_Tree_node@U?$pair@$$CBV?$basic_string@DU?$char_traits@D@std@@V?$allocator@D@2@@std@@V12@@std@@PAX@2@@Z 00403b70 f i Configure.obj
 0001:00002b70       ?_Rrotate@?$_Tree@V?$_Tmap_traits@V?$basic_string@DU?$char_traits@D@std@@V?$allocator@D@2@@std@@V?$vector@UTXMLComponent@Blueprints@Data@Common@@V?$allocator@UTXMLComponent@Blueprints@Data@Common@@@std@@@2@U?$less@V?$basic_string@DU?$char_traits@D@std@@V?$allocator@D@2@@std@@@2@V?$allocator@U?$pair@$$CBV?$basic_string@DU?$char_traits@D@std@@V?$allocator@D@2@@std@@V?$vector@UTXMLComponent@Blueprints@Data@Common@@V?$allocator@UTXMLComponent@Blueprints@Data@Common@@@std@@@2@@std@@@2@$0A@@std@@@std@@IAEXPAU?$_Tree_node@U?$pair@$$CBV?$basic_string@DU?$char_traits@D@std@@V?$allocator@D@2@@std@@V?$vector@UTXMLComponent@Blueprints@Data@Common@@V?$allocator@UTXMLComponent@Blueprints@Data@Common@@@std@@@2@@std@@PAX@2@@Z 00403b70 f i XmlParser.obj
 0001:00002b70       ?_Rrotate@?$_Tree@V?$_Tmap_traits@IPAVCEntity@Logic@@U?$less@I@std@@V?$allocator@U?$pair@$$CBIPAVCEntity@Logic@@@std@@@4@$0A@@std@@@std@@IAEXPAU?$_Tree_node@U?$pair@$$CBIPAVCEntity@Logic@@@std@@PAX@2@@Z 00403b70 f i Logic:Scene.obj
 0001:00002b70       ?_Rrotate@?$_Tree@V?$_Tmap_traits@V?$basic_string@DU?$char_traits@D@std@@V?$allocator@D@2@@std@@_JU?$less@V?$basic_string@DU?$char_traits@D@std@@V?$allocator@D@2@@std@@@2@V?$allocator@U?$pair@$$CBV?$basic_string@DU?$char_traits@D@std@@V?$allocator@D@2@@std@@_J@std@@@2@$0A@@std@@@std@@IAEXPAU?$_Tree_node@U?$pair@$$CBV?$basic_string@DU?$char_traits@D@std@@V?$allocator@D@2@@std@@_J@std@@PAX@2@@Z 00403b70 f i Map:MapGenerator.obj
 0001:00002b70       ?_Rrotate@?$_Tree@V?$_Tmap_traits@W4TKeyID@Key@Input@Common@@PAVICommand@Command@Controller@GUI@@U?$less@W4TKeyID@Key@Input@Common@@@std@@V?$allocator@U?$pair@$$CBW4TKeyID@Key@Input@Common@@PAVICommand@Command@Controller@GUI@@@std@@@std@@$0A@@std@@@std@@IAEXPAU?$_Tree_node@U?$pair@$$CBW4TKeyID@Key@Input@Common@@PAVICommand@Command@Controller@GUI@@@std@@PAX@2@@Z 00403b70 f i GUI:PlayerController.obj
 0001:00002b70       ?_Rrotate@?$_Tree@V?$_Tmap_traits@V?$basic_string@DU?$char_traits@D@std@@V?$allocator@D@2@@std@@V12@U?$less@V?$basic_string@DU?$char_traits@D@std@@V?$allocator@D@2@@std@@@2@V?$allocator@U?$pair@$$CBV?$basic_string@DU?$char_traits@D@std@@V?$allocator@D@2@@std@@V12@@std@@@2@$00@std@@@std@@IAEXPAU?$_Tree_node@U?$pair@$$CBV?$basic_string@DU?$char_traits@D@std@@V?$allocator@D@2@@std@@V12@@std@@PAX@2@@Z 00403b70 f i 3DApplication.obj
 0001:00002bd0       ?_Buyheadnode@?$_Tree_alloc@$0A@U?$_Tree_base_types@U?$pair@$$CBV?$basic_string@DU?$char_traits@D@std@@V?$allocator@D@2@@std@@V12@@std@@V?$allocator@U?$pair@$$CBV?$basic_string@DU?$char_traits@D@std@@V?$allocator@D@2@@std@@V12@@std@@@2@@std@@@std@@QAEPAU?$_Tree_node@U?$pair@$$CBV?$basic_string@DU?$char_traits@D@std@@V?$allocator@D@2@@std@@V12@@std@@PAX@2@XZ 00403bd0 f i 3DApplication.obj
 0001:00002c00       ??$make_pair@V?$basic_string@DU?$char_traits@D@std@@V?$allocator@D@2@@std@@V12@@std@@YA?AU?$pair@V?$basic_string@DU?$char_traits@D@std@@V?$allocator@D@2@@std@@V12@@0@$$QAV?$basic_string@DU?$char_traits@D@std@@V?$allocator@D@2@@0@0@Z 00403c00 f i 3DApplication.obj
 0001:00002c80       ?tick@CEventState@Application@@UAEXI@Z 00403c80 f i EventState.obj
 0001:00002c80       ?process@CGraphics@Logic@@UAEXABVIMessage@2@@Z 00403c80 f i Logic:Graphics.obj
 0001:00002c80       ?process@CMessageManager@Logic@@UAEXABVIMessage@2@@Z 00403c80 f i Logic:ControllerComponent.obj
 0001:00002c80       ?process@CTransform@Logic@@UAEXABVIMessage@2@@Z 00403c80 f i Logic:Transform.obj
 0001:00002c80       ??$destroy@PAU?$_Tree_node@U?$pair@$$CBV?$basic_string@DU?$char_traits@D@std@@V?$allocator@D@2@@std@@PAVCConfigure@Configuration@Common@@@std@@PAX@std@@@?$_Wrap_alloc@V?$allocator@U?$_Tree_node@U?$pair@$$CBV?$basic_string@DU?$char_traits@D@std@@V?$allocator@D@2@@std@@PAVCConfigure@Configuration@Common@@@std@@PAX@std@@@std@@@std@@QAEXPAPAU?$_Tree_node@U?$pair@$$CBV?$basic_string@DU?$char_traits@D@std@@V?$allocator@D@2@@std@@PAVCConfigure@Configuration@Common@@@std@@PAX@1@@Z 00403c80 f i Configure.obj
 0001:00002c80       ??$destroy@PA_W@?$_Wrap_alloc@V?$allocator@_W@std@@@std@@QAEXPAPA_W@Z 00403c80 f i log.obj
 0001:00002c80       ??$destroy@PAD@?$_Wrap_alloc@V?$allocator@D@std@@@std@@QAEXPAPAD@Z 00403c80 f i 3DApplication.obj
 0001:00002c80       ?tick@CMenuState@Application@@UAEXI@Z 00403c80 f i MenuState.obj
 0001:00002c80       ?tick@CPauseState@Application@@UAEXI@Z 00403c80 f i PauseState.obj
 0001:00002c80       ?process@CCameraComponent@Logic@@UAEXABVIMessage@2@@Z 00403c80 f i Logic:CameraComponent.obj
 0001:00002c80       ?process@CControllerComponent@Logic@@UAEXABVIMessage@2@@Z 00403c80 f i Logic:ControllerComponent.obj
 0001:00002c80       ?tick@CApplicationState@Application@@UAEXI@Z 00403c80 f i EventState.obj
 0001:00002c90       ??$?0V?$basic_string@DU?$char_traits@D@std@@V?$allocator@D@2@@std@@V01@@?$pair@V?$basic_string@DU?$char_traits@D@std@@V?$allocator@D@2@@std@@V12@@std@@QAE@$$QAV?$basic_string@DU?$char_traits@D@std@@V?$allocator@D@2@@1@0PAPAX@Z 00403c90 f i 3DApplication.obj
 0001:00002d60       ??$?0V?$basic_string@DU?$char_traits@D@std@@V?$allocator@D@2@@std@@V01@@?$pair@$$CBV?$basic_string@DU?$char_traits@D@std@@V?$allocator@D@2@@std@@V12@@std@@QAE@$$QAU?$pair@V?$basic_string@DU?$char_traits@D@std@@V?$allocator@D@2@@std@@V12@@1@PAPAX@Z 00403d60 f i 3DApplication.obj
 0001:00002d60       ??$?0V?$basic_string@DU?$char_traits@D@std@@V?$allocator@D@2@@std@@V01@@?$pair@V?$basic_string@DU?$char_traits@D@std@@V?$allocator@D@2@@std@@V12@@std@@QAE@$$QAU01@PAPAX@Z 00403d60 f i 3DApplication.obj
 0001:00002e30       ??$_Buynode@U?$pair@V?$basic_string@DU?$char_traits@D@std@@V?$allocator@D@2@@std@@V12@@std@@@?$_Tree_buy@U?$pair@$$CBV?$basic_string@DU?$char_traits@D@std@@V?$allocator@D@2@@std@@V12@@std@@V?$allocator@U?$pair@$$CBV?$basic_string@DU?$char_traits@D@std@@V?$allocator@D@2@@std@@V12@@std@@@2@@std@@QAEPAU?$_Tree_node@U?$pair@$$CBV?$basic_string@DU?$char_traits@D@std@@V?$allocator@D@2@@std@@V12@@std@@PAX@1@$$QAU?$pair@V?$basic_string@DU?$char_traits@D@std@@V?$allocator@D@2@@std@@V12@@1@@Z 00403e30 f i 3DApplication.obj
 0001:00002e60       ??$_Insert_nohint@AAU?$pair@$$CBV?$basic_string@DU?$char_traits@D@std@@V?$allocator@D@2@@std@@V12@@std@@PAU?$_Tree_node@U?$pair@$$CBV?$basic_string@DU?$char_traits@D@std@@V?$allocator@D@2@@std@@V12@@std@@PAX@2@@?$_Tree@V?$_Tmap_traits@V?$basic_string@DU?$char_traits@D@std@@V?$allocator@D@2@@std@@V12@U?$less@V?$basic_string@DU?$char_traits@D@std@@V?$allocator@D@2@@std@@@2@V?$allocator@U?$pair@$$CBV?$basic_string@DU?$char_traits@D@std@@V?$allocator@D@2@@std@@V12@@std@@@2@$00@std@@@std@@IAE?AU?$pair@V?$_Tree_iterator@V?$_Tree_val@U?$_Tree_simple_types@U?$pair@$$CBV?$basic_string@DU?$char_traits@D@std@@V?$allocator@D@2@@std@@V12@@std@@@std@@@std@@@std@@_N@1@_NAAU?$pair@$$CBV?$basic_string@DU?$char_traits@D@std@@V?$allocator@D@2@@std@@V12@@1@PAU?$_Tree_node@U?$pair@$$CBV?$basic_string@DU?$char_traits@D@std@@V?$allocator@D@2@@std@@V12@@std@@PAX@1@@Z 00403e60 f i 3DApplication.obj
 0001:00002fb0       ?_Buynode0@?$_Tree_buy@U?$pair@$$CBV?$basic_string@DU?$char_traits@D@std@@V?$allocator@D@2@@std@@V12@@std@@V?$allocator@U?$pair@$$CBV?$basic_string@DU?$char_traits@D@std@@V?$allocator@D@2@@std@@V12@@std@@@2@@std@@QAEPAU?$_Tree_node@U?$pair@$$CBV?$basic_string@DU?$char_traits@D@std@@V?$allocator@D@2@@std@@V12@@std@@PAX@2@XZ 00403fb0 f i 3DApplication.obj
 0001:00003000       ?_Destroy_if_not_nil@?$_Tree@V?$_Tmap_traits@V?$basic_string@DU?$char_traits@D@std@@V?$allocator@D@2@@std@@V12@U?$less@V?$basic_string@DU?$char_traits@D@std@@V?$allocator@D@2@@std@@@2@V?$allocator@U?$pair@$$CBV?$basic_string@DU?$char_traits@D@std@@V?$allocator@D@2@@std@@V12@@std@@@2@$00@std@@@std@@IAEXPAU?$_Tree_node@U?$pair@$$CBV?$basic_string@DU?$char_traits@D@std@@V?$allocator@D@2@@std@@V12@@std@@PAX@2@@Z 00404000 f i 3DApplication.obj
 0001:00003000       ?_Destroy_if_not_nil@?$_Tree@V?$_Tmap_traits@V?$basic_string@DU?$char_traits@D@std@@V?$allocator@D@2@@std@@V12@U?$less@V?$basic_string@DU?$char_traits@D@std@@V?$allocator@D@2@@std@@@2@V?$allocator@U?$pair@$$CBV?$basic_string@DU?$char_traits@D@std@@V?$allocator@D@2@@std@@V12@@std@@@2@$0A@@std@@@std@@IAEXPAU?$_Tree_node@U?$pair@$$CBV?$basic_string@DU?$char_traits@D@std@@V?$allocator@D@2@@std@@V12@@std@@PAX@2@@Z 00404000 f i Configure.obj
 0001:00003060       ??F?$_Tree_unchecked_const_iterator@V?$_Tree_val@U?$_Tree_simple_types@U?$pair@$$CBIPAVCEntity@Logic@@@std@@@std@@@std@@U_Iterator_base0@2@@std@@QAEAAV01@XZ 00404060 f i Logic:Scene.obj
 0001:00003060       ??F?$_Tree_unchecked_const_iterator@V?$_Tree_val@U?$_Tree_simple_types@U?$pair@$$CBV?$basic_string@DU?$char_traits@D@std@@V?$allocator@D@2@@std@@V12@@std@@@std@@@std@@U_Iterator_base0@2@@std@@QAEAAV01@XZ 00404060 f i 3DApplication.obj
 0001:00003060       ??F?$_Tree_unchecked_const_iterator@V?$_Tree_val@U?$_Tree_simple_types@U?$pair@$$CBV?$basic_string@DU?$char_traits@D@std@@V?$allocator@D@2@@std@@P6APAVIComponent@Logic@@XZ@std@@@std@@@std@@U_Iterator_base0@2@@std@@QAEAAV01@XZ 00404060 f i Logic:ControllerComponent.obj
 0001:00003060       ??F?$_Tree_unchecked_const_iterator@V?$_Tree_val@U?$_Tree_simple_types@U?$pair@$$CBV?$basic_string@DU?$char_traits@D@std@@V?$allocator@D@2@@std@@V?$vector@UTXMLComponent@Blueprints@Data@Common@@V?$allocator@UTXMLComponent@Blueprints@Data@Common@@@std@@@2@@std@@@std@@@std@@U_Iterator_base0@2@@std@@QAEAAV01@XZ 00404060 f i XmlParser.obj
 0001:00003060       ??F?$_Tree_unchecked_const_iterator@V?$_Tree_val@U?$_Tree_simple_types@U?$pair@$$CBV?$basic_string@DU?$char_traits@D@std@@V?$allocator@D@2@@std@@_J@std@@@std@@@std@@U_Iterator_base0@2@@std@@QAEAAV01@XZ 00404060 f i Map:MapGenerator.obj
 0001:00003060       ??F?$_Tree_unchecked_const_iterator@V?$_Tree_val@U?$_Tree_simple_types@U?$pair@$$CBV?$basic_string@DU?$char_traits@D@std@@V?$allocator@D@2@@std@@PAVCConfigure@Configuration@Common@@@std@@@std@@@std@@U_Iterator_base0@2@@std@@QAEAAV01@XZ 00404060 f i Configure.obj
 0001:00003060       ??F?$_Tree_unchecked_const_iterator@V?$_Tree_val@U?$_Tree_simple_types@U?$pair@$$CBV?$basic_string@DU?$char_traits@D@std@@V?$allocator@D@2@@std@@PAVCApplicationState@Application@@@std@@@std@@@std@@U_Iterator_base0@2@@std@@QAEAAV01@XZ 00404060 f i BaseApplication.obj
 0001:00003060       ??F?$_Tree_unchecked_const_iterator@V?$_Tree_val@U?$_Tree_simple_types@U?$pair@$$CBW4TKeyID@Key@Input@Common@@PAVICommand@Command@Controller@GUI@@@std@@@std@@@std@@U_Iterator_base0@2@@std@@QAEAAV01@XZ 00404060 f i GUI:PlayerController.obj
 0001:00003060       ??F?$_Tree_unchecked_const_iterator@V?$_Tree_val@U?$_Tree_simple_types@U?$pair@$$CBV?$basic_string@DU?$char_traits@D@std@@V?$allocator@D@2@@std@@UTBluePrint@CEntityFactory@Logic@@@std@@@std@@@std@@U_Iterator_base0@2@@std@@QAEAAV01@XZ 00404060 f i Logic:EntityFactory.obj
 0001:000030c0       ??$_Insert_at@AAU?$pair@$$CBV?$basic_string@DU?$char_traits@D@std@@V?$allocator@D@2@@std@@V12@@std@@PAU?$_Tree_node@U?$pair@$$CBV?$basic_string@DU?$char_traits@D@std@@V?$allocator@D@2@@std@@V12@@std@@PAX@2@@?$_Tree@V?$_Tmap_traits@V?$basic_string@DU?$char_traits@D@std@@V?$allocator@D@2@@std@@V12@U?$less@V?$basic_string@DU?$char_traits@D@std@@V?$allocator@D@2@@std@@@2@V?$allocator@U?$pair@$$CBV?$basic_string@DU?$char_traits@D@std@@V?$allocator@D@2@@std@@V12@@std@@@2@$0A@@std@@@std@@IAE?AV?$_Tree_iterator@V?$_Tree_val@U?$_Tree_simple_types@U?$pair@$$CBV?$basic_string@DU?$char_traits@D@std@@V?$allocator@D@2@@std@@V12@@std@@@std@@@std@@@1@_NPAU?$_Tree_node@U?$pair@$$CBV?$basic_string@DU?$char_traits@D@std@@V?$allocator@D@2@@std@@V12@@std@@PAX@1@AAU?$pair@$$CBV?$basic_string@DU?$char_traits@D@std@@V?$allocator@D@2@@std@@V12@@1@1@Z 004040c0 f i Configure.obj
 0001:000030c0       ??$_Insert_at@AAU?$pair@$$CBV?$basic_string@DU?$char_traits@D@std@@V?$allocator@D@2@@std@@V12@@std@@PAU?$_Tree_node@U?$pair@$$CBV?$basic_string@DU?$char_traits@D@std@@V?$allocator@D@2@@std@@V12@@std@@PAX@2@@?$_Tree@V?$_Tmap_traits@V?$basic_string@DU?$char_traits@D@std@@V?$allocator@D@2@@std@@V12@U?$less@V?$basic_string@DU?$char_traits@D@std@@V?$allocator@D@2@@std@@@2@V?$allocator@U?$pair@$$CBV?$basic_string@DU?$char_traits@D@std@@V?$allocator@D@2@@std@@V12@@std@@@2@$00@std@@@std@@IAE?AV?$_Tree_iterator@V?$_Tree_val@U?$_Tree_simple_types@U?$pair@$$CBV?$basic_string@DU?$char_traits@D@std@@V?$allocator@D@2@@std@@V12@@std@@@std@@@std@@@1@_NPAU?$_Tree_node@U?$pair@$$CBV?$basic_string@DU?$char_traits@D@std@@V?$allocator@D@2@@std@@V12@@std@@PAX@1@AAU?$pair@$$CBV?$basic_string@DU?$char_traits@D@std@@V?$allocator@D@2@@std@@V12@@1@1@Z 004040c0 f i 3DApplication.obj
 0001:0000330f       ?_Add_vtordisp2@?$basic_ostream@DU?$char_traits@D@std@@@std@@$4PPPPPPPM@EI@AEXXZ 0040430f f i 3DApplication.obj
 0001:0000331b       ??_E?$basic_ostringstream@DU?$char_traits@D@std@@V?$allocator@D@2@@std@@$4PPPPPPPM@A@AEPAXI@Z 0040431b f i 3DApplication.obj
 0001:00003330       ?mousePressed@CGalaxyState@Application@@UAE_NABVCMouseState@InputListener@GUI@@@Z 00404330 f i GalaxyState.obj
 0001:00003330       ?mouseReleased@CApplicationState@Application@@UAE_NABVCMouseState@InputListener@GUI@@@Z 00404330 f i EventState.obj
 0001:00003330       ?mouseReleased@CMouseListener@InputListener@GUI@@UAE_NABVCMouseState@23@@Z 00404330 f i BaseApplication.obj
 0001:00003330       ?mouseMoved@CMouseListener@InputListener@GUI@@UAE_NABVCMouseState@23@@Z 00404330 f i BaseApplication.obj
 0001:00003330       ?mouseReleased@CSystemState@Application@@UAE_NABVCMouseState@InputListener@GUI@@@Z 00404330 f i SystemState.obj
 0001:00003330       ?mousePressed@CMouseListener@InputListener@GUI@@UAE_NABVCMouseState@23@@Z 00404330 f i BaseApplication.obj
 0001:00003330       ?mouseMoved@CSystemState@Application@@UAE_NABVCMouseState@InputListener@GUI@@@Z 00404330 f i SystemState.obj
 0001:00003330       ?mousePressed@CPauseState@Application@@UAE_NABVCMouseState@InputListener@GUI@@@Z 00404330 f i PauseState.obj
 0001:00003330       ?mouseMoved@CPlanetState@Application@@UAE_NABVCMouseState@InputListener@GUI@@@Z 00404330 f i PlanetState.obj
 0001:00003330       ?mousePressed@CPlayerController@Controller@GUI@@UAE_NABVCMouseState@InputListener@3@@Z 00404330 f i GUI:PlayerController.obj
 0001:00003330       ?mousePressed@CPlanetState@Application@@UAE_NABVCMouseState@InputListener@GUI@@@Z 00404330 f i PlanetState.obj
 0001:00003330       ?mouseMoved@CEventState@Application@@UAE_NABVCMouseState@InputListener@GUI@@@Z 00404330 f i EventState.obj
 0001:00003330       ?mouseMoved@CPlayerController@Controller@GUI@@UAE_NABVCMouseState@InputListener@3@@Z 00404330 f i GUI:PlayerController.obj
 0001:00003330       ?mouseMoved@CMenuState@Application@@UAE_NABVCMouseState@InputListener@GUI@@@Z 00404330 f i MenuState.obj
 0001:00003330       ?mouseReleased@CMenuState@Application@@UAE_NABVCMouseState@InputListener@GUI@@@Z 00404330 f i MenuState.obj
 0001:00003330       ?mouseMoved@CPauseState@Application@@UAE_NABVCMouseState@InputListener@GUI@@@Z 00404330 f i PauseState.obj
 0001:00003330       ?mousePressed@CMenuState@Application@@UAE_NABVCMouseState@InputListener@GUI@@@Z 00404330 f i MenuState.obj
 0001:00003330       ?mouseMoved@CGalaxyState@Application@@UAE_NABVCMouseState@InputListener@GUI@@@Z 00404330 f i GalaxyState.obj
 0001:00003330       ?mouseReleased@CPlanetState@Application@@UAE_NABVCMouseState@InputListener@GUI@@@Z 00404330 f i PlanetState.obj
 0001:00003330       ?mousePressed@CApplicationState@Application@@UAE_NABVCMouseState@InputListener@GUI@@@Z 00404330 f i EventState.obj
 0001:00003330       ?mouseReleased@CPlayerController@Controller@GUI@@UAE_NABVCMouseState@InputListener@3@@Z 00404330 f i GUI:PlayerController.obj
 0001:00003330       ?mouseReleased@CEventState@Application@@UAE_NABVCMouseState@InputListener@GUI@@@Z 00404330 f i EventState.obj
 0001:00003330       ?mouseReleased@CGalaxyState@Application@@UAE_NABVCMouseState@InputListener@GUI@@@Z 00404330 f i GalaxyState.obj
 0001:00003330       ?mousePressed@CSystemState@Application@@UAE_NABVCMouseState@InputListener@GUI@@@Z 00404330 f i SystemState.obj
 0001:00003330       ?mouseMoved@CApplicationState@Application@@UAE_NABVCMouseState@InputListener@GUI@@@Z 00404330 f i EventState.obj
 0001:00003330       ?mousePressed@CEventState@Application@@UAE_NABVCMouseState@InputListener@GUI@@@Z 00404330 f i EventState.obj
 0001:00003330       ?accept@CMessageManager@Logic@@UAE_NABVIMessage@2@@Z 00404330 f i Logic:ControllerComponent.obj
 0001:00003330       ?mouseReleased@CPauseState@Application@@UAE_NABVCMouseState@InputListener@GUI@@@Z 00404330 f i PauseState.obj
 0001:00003340       ??0CBaseApplication@Application@@QAE@XZ 00404340 f   BaseApplication.obj
 0001:00003430       ??_ECTTGApplication@Application@@UAEPAXI@Z 00404430 f i * CIL library *:* CIL module *
 0001:00003430       ??_GCBaseApplication@Application@@UAEPAXI@Z 00404430 f i BaseApplication.obj
 0001:00003430       ??_ECBaseApplication@Application@@UAEPAXI@Z 00404430 f i * CIL library *:* CIL module *
 0001:00003430       ??_GCTTGApplication@Application@@UAEPAXI@Z 00404430 f i TTGApplication.obj
 0001:000034a0       ??1?$map@V?$basic_string@DU?$char_traits@D@std@@V?$allocator@D@2@@std@@P6APAVIComponent@Logic@@XZU?$less@V?$basic_string@DU?$char_traits@D@std@@V?$allocator@D@2@@std@@@2@V?$allocator@U?$pair@$$CBV?$basic_string@DU?$char_traits@D@std@@V?$allocator@D@2@@std@@P6APAVIComponent@Logic@@XZ@std@@@2@@std@@QAE@XZ 004044a0 f i Logic:ComponentFactory.obj
 0001:000034a0       ??1?$map@V?$basic_string@DU?$char_traits@D@std@@V?$allocator@D@2@@std@@PAVCApplicationState@Application@@U?$less@V?$basic_string@DU?$char_traits@D@std@@V?$allocator@D@2@@std@@@2@V?$allocator@U?$pair@$$CBV?$basic_string@DU?$char_traits@D@std@@V?$allocator@D@2@@std@@PAVCApplicationState@Application@@@std@@@2@@std@@QAE@XZ 004044a0 f i BaseApplication.obj
 0001:000034d0       ?init@CBaseApplication@Application@@UAE_NXZ 004044d0 f   BaseApplication.obj
 0001:000034e0       ?release@CBaseApplication@Application@@UAEXXZ 004044e0 f   BaseApplication.obj
 0001:000034f0       ?releaseAllStates@CBaseApplication@Application@@UAEXXZ 004044f0 f   BaseApplication.obj
 0001:000035c0       ?run@CBaseApplication@Application@@UAEXXZ 004045c0 f   BaseApplication.obj
 0001:00003670       ?setState@CBaseApplication@Application@@QAE_NABV?$basic_string@DU?$char_traits@D@std@@V?$allocator@D@2@@std@@@Z 00404670 f   BaseApplication.obj
 0001:000036b0       ?popState@CBaseApplication@Application@@QAE_NXZ 004046b0 f   BaseApplication.obj
 0001:00003720       ?resetToMenuState@CBaseApplication@Application@@QAE_NABV?$basic_string@DU?$char_traits@D@std@@V?$allocator@D@2@@std@@@Z 00404720 f   BaseApplication.obj
 0001:000038b0       ?tick@CBaseApplication@Application@@MAEXI@Z 004048b0 f   BaseApplication.obj
 0001:000038d0       ?keyPressed@CBaseApplication@Application@@UAE_NUTKey@Input@Common@@@Z 004048d0 f   BaseApplication.obj
 0001:000038f0       ?keyReleased@CBaseApplication@Application@@UAE_NUTKey@Input@Common@@@Z 004048f0 f   BaseApplication.obj
 0001:00003920       ?mouseMoved@CBaseApplication@Application@@UAE_NABVCMouseState@InputListener@GUI@@@Z 00404920 f   BaseApplication.obj
 0001:00003940       ?mousePressed@CBaseApplication@Application@@UAE_NABVCMouseState@InputListener@GUI@@@Z 00404940 f   BaseApplication.obj
 0001:00003960       ?mouseReleased@CBaseApplication@Application@@UAE_NABVCMouseState@InputListener@GUI@@@Z 00404960 f   BaseApplication.obj
 0001:00003980       ??A?$map@V?$basic_string@DU?$char_traits@D@std@@V?$allocator@D@2@@std@@PAVCApplicationState@Application@@U?$less@V?$basic_string@DU?$char_traits@D@std@@V?$allocator@D@2@@std@@@2@V?$allocator@U?$pair@$$CBV?$basic_string@DU?$char_traits@D@std@@V?$allocator@D@2@@std@@PAVCApplicationState@Application@@@std@@@2@@std@@QAEAAPAVCApplicationState@Application@@ABV?$basic_string@DU?$char_traits@D@std@@V?$allocator@D@2@@1@@Z 00404980 f i BaseApplication.obj
 0001:00003aa0       ?find@?$_Tree@V?$_Tmap_traits@V?$basic_string@DU?$char_traits@D@std@@V?$allocator@D@2@@std@@PAVCApplicationState@Application@@U?$less@V?$basic_string@DU?$char_traits@D@std@@V?$allocator@D@2@@std@@@2@V?$allocator@U?$pair@$$CBV?$basic_string@DU?$char_traits@D@std@@V?$allocator@D@2@@std@@PAVCApplicationState@Application@@@std@@@2@$0A@@std@@@std@@QAE?AV?$_Tree_iterator@V?$_Tree_val@U?$_Tree_simple_types@U?$pair@$$CBV?$basic_string@DU?$char_traits@D@std@@V?$allocator@D@2@@std@@PAVCApplicationState@Application@@@std@@@std@@@std@@@2@ABV?$basic_string@DU?$char_traits@D@std@@V?$allocator@D@2@@2@@Z 00404aa0 f i BaseApplication.obj
 0001:00003aa0       ?find@?$_Tree@V?$_Tmap_traits@V?$basic_string@DU?$char_traits@D@std@@V?$allocator@D@2@@std@@P6APAVIComponent@Logic@@XZU?$less@V?$basic_string@DU?$char_traits@D@std@@V?$allocator@D@2@@std@@@2@V?$allocator@U?$pair@$$CBV?$basic_string@DU?$char_traits@D@std@@V?$allocator@D@2@@std@@P6APAVIComponent@Logic@@XZ@std@@@2@$0A@@std@@@std@@QBE?AV?$_Tree_const_iterator@V?$_Tree_val@U?$_Tree_simple_types@U?$pair@$$CBV?$basic_string@DU?$char_traits@D@std@@V?$allocator@D@2@@std@@P6APAVIComponent@Logic@@XZ@std@@@std@@@std@@@2@ABV?$basic_string@DU?$char_traits@D@std@@V?$allocator@D@2@@2@@Z 00404aa0 f i Logic:EntityFactory.obj
 0001:00003aa0       ?find@?$_Tree@V?$_Tmap_traits@V?$basic_string@DU?$char_traits@D@std@@V?$allocator@D@2@@std@@UTBluePrint@CEntityFactory@Logic@@U?$less@V?$basic_string@DU?$char_traits@D@std@@V?$allocator@D@2@@std@@@2@V?$allocator@U?$pair@$$CBV?$basic_string@DU?$char_traits@D@std@@V?$allocator@D@2@@std@@UTBluePrint@CEntityFactory@Logic@@@std@@@2@$0A@@std@@@std@@QAE?AV?$_Tree_iterator@V?$_Tree_val@U?$_Tree_simple_types@U?$pair@$$CBV?$basic_string@DU?$char_traits@D@std@@V?$allocator@D@2@@std@@UTBluePrint@CEntityFactory@Logic@@@std@@@std@@@std@@@2@ABV?$basic_string@DU?$char_traits@D@std@@V?$allocator@D@2@@2@@Z 00404aa0 f i Logic:EntityFactory.obj
 0001:00003aa0       ?find@?$_Tree@V?$_Tmap_traits@V?$basic_string@DU?$char_traits@D@std@@V?$allocator@D@2@@std@@_JU?$less@V?$basic_string@DU?$char_traits@D@std@@V?$allocator@D@2@@std@@@2@V?$allocator@U?$pair@$$CBV?$basic_string@DU?$char_traits@D@std@@V?$allocator@D@2@@std@@_J@std@@@2@$0A@@std@@@std@@QAE?AV?$_Tree_iterator@V?$_Tree_val@U?$_Tree_simple_types@U?$pair@$$CBV?$basic_string@DU?$char_traits@D@std@@V?$allocator@D@2@@std@@_J@std@@@std@@@std@@@2@ABV?$basic_string@DU?$char_traits@D@std@@V?$allocator@D@2@@2@@Z 00404aa0 f i Map:MapGenerator.obj
 0001:00003aa0       ?find@?$_Tree@V?$_Tmap_traits@V?$basic_string@DU?$char_traits@D@std@@V?$allocator@D@2@@std@@V?$vector@UTXMLComponent@Blueprints@Data@Common@@V?$allocator@UTXMLComponent@Blueprints@Data@Common@@@std@@@2@U?$less@V?$basic_string@DU?$char_traits@D@std@@V?$allocator@D@2@@std@@@2@V?$allocator@U?$pair@$$CBV?$basic_string@DU?$char_traits@D@std@@V?$allocator@D@2@@std@@V?$vector@UTXMLComponent@Blueprints@Data@Common@@V?$allocator@UTXMLComponent@Blueprints@Data@Common@@@std@@@2@@std@@@2@$0A@@std@@@std@@QAE?AV?$_Tree_iterator@V?$_Tree_val@U?$_Tree_simple_types@U?$pair@$$CBV?$basic_string@DU?$char_traits@D@std@@V?$allocator@D@2@@std@@V?$vector@UTXMLComponent@Blueprints@Data@Common@@V?$allocator@UTXMLComponent@Blueprints@Data@Common@@@std@@@2@@std@@@std@@@std@@@2@ABV?$basic_string@DU?$char_traits@D@std@@V?$allocator@D@2@@2@@Z 00404aa0 f i Logic:EntityFactory.obj
 0001:00003aa0       ?find@?$_Tree@V?$_Tmap_traits@V?$basic_string@DU?$char_traits@D@std@@V?$allocator@D@2@@std@@V12@U?$less@V?$basic_string@DU?$char_traits@D@std@@V?$allocator@D@2@@std@@@2@V?$allocator@U?$pair@$$CBV?$basic_string@DU?$char_traits@D@std@@V?$allocator@D@2@@std@@V12@@std@@@2@$0A@@std@@@std@@QBE?AV?$_Tree_const_iterator@V?$_Tree_val@U?$_Tree_simple_types@U?$pair@$$CBV?$basic_string@DU?$char_traits@D@std@@V?$allocator@D@2@@std@@V12@@std@@@std@@@std@@@2@ABV?$basic_string@DU?$char_traits@D@std@@V?$allocator@D@2@@2@@Z 00404aa0 f i Configure.obj
 0001:00003b30       ?_Erase@?$_Tree@V?$_Tmap_traits@V?$basic_string@DU?$char_traits@D@std@@V?$allocator@D@2@@std@@_JU?$less@V?$basic_string@DU?$char_traits@D@std@@V?$allocator@D@2@@std@@@2@V?$allocator@U?$pair@$$CBV?$basic_string@DU?$char_traits@D@std@@V?$allocator@D@2@@std@@_J@std@@@2@$0A@@std@@@std@@IAEXPAU?$_Tree_node@U?$pair@$$CBV?$basic_string@DU?$char_traits@D@std@@V?$allocator@D@2@@std@@_J@std@@PAX@2@@Z 00404b30 f i BaseApplication.obj
 0001:00003b30       ?_Erase@?$_Tree@V?$_Tmap_traits@V?$basic_string@DU?$char_traits@D@std@@V?$allocator@D@2@@std@@PAVCApplicationState@Application@@U?$less@V?$basic_string@DU?$char_traits@D@std@@V?$allocator@D@2@@std@@@2@V?$allocator@U?$pair@$$CBV?$basic_string@DU?$char_traits@D@std@@V?$allocator@D@2@@std@@PAVCApplicationState@Application@@@std@@@2@$0A@@std@@@std@@IAEXPAU?$_Tree_node@U?$pair@$$CBV?$basic_string@DU?$char_traits@D@std@@V?$allocator@D@2@@std@@PAVCApplicationState@Application@@@std@@PAX@2@@Z 00404b30 f i BaseApplication.obj
 0001:00003b30       ?_Erase@?$_Tree@V?$_Tmap_traits@V?$basic_string@DU?$char_traits@D@std@@V?$allocator@D@2@@std@@PAVCConfigure@Configuration@Common@@U?$less@V?$basic_string@DU?$char_traits@D@std@@V?$allocator@D@2@@std@@@2@V?$allocator@U?$pair@$$CBV?$basic_string@DU?$char_traits@D@std@@V?$allocator@D@2@@std@@PAVCConfigure@Configuration@Common@@@std@@@2@$0A@@std@@@std@@IAEXPAU?$_Tree_node@U?$pair@$$CBV?$basic_string@DU?$char_traits@D@std@@V?$allocator@D@2@@std@@PAVCConfigure@Configuration@Common@@@std@@PAX@2@@Z 00404b30 f i Configure.obj
 0001:00003b30       ?_Erase@?$_Tree@V?$_Tmap_traits@V?$basic_string@DU?$char_traits@D@std@@V?$allocator@D@2@@std@@P6APAVIComponent@Logic@@XZU?$less@V?$basic_string@DU?$char_traits@D@std@@V?$allocator@D@2@@std@@@2@V?$allocator@U?$pair@$$CBV?$basic_string@DU?$char_traits@D@std@@V?$allocator@D@2@@std@@P6APAVIComponent@Logic@@XZ@std@@@2@$0A@@std@@@std@@IAEXPAU?$_Tree_node@U?$pair@$$CBV?$basic_string@DU?$char_traits@D@std@@V?$allocator@D@2@@std@@P6APAVIComponent@Logic@@XZ@std@@PAX@2@@Z 00404b30 f i Logic:ComponentFactory.obj
 0001:00003ba0       ?push_back@?$deque@HV?$allocator@H@std@@@std@@QAEXABH@Z 00404ba0 f i Map:Parser.obj
 0001:00003ba0       ?push_back@?$deque@Tsemantic_type@CParser@Map@@V?$allocator@Tsemantic_type@CParser@Map@@@std@@@std@@QAEXABTsemantic_type@CParser@Map@@@Z 00404ba0 f i Map:Parser.obj
 0001:00003ba0       ?push_back@?$deque@PAVCApplicationState@Application@@V?$allocator@PAVCApplicationState@Application@@@std@@@std@@QAEXABQAVCApplicationState@Application@@@Z 00404ba0 f i BaseApplication.obj
 0001:00003c30       ?_Tidy@?$deque@Vlocation@Map@@V?$allocator@Vlocation@Map@@@std@@@std@@IAEXXZ 00404c30 f i Map:Parser.obj
 0001:00003c30       ?_Tidy@?$deque@PAVCApplicationState@Application@@V?$allocator@PAVCApplicationState@Application@@@std@@@std@@IAEXXZ 00404c30 f i BaseApplication.obj
 0001:00003c30       ?_Tidy@?$deque@HV?$allocator@H@std@@@std@@IAEXXZ 00404c30 f i Map:Parser.obj
 0001:00003c30       ?_Tidy@?$deque@Tsemantic_type@CParser@Map@@V?$allocator@Tsemantic_type@CParser@Map@@@std@@@std@@IAEXXZ 00404c30 f i Map:Parser.obj
 0001:00003c90       ?erase@?$_Tree@V?$_Tmap_traits@V?$basic_string@DU?$char_traits@D@std@@V?$allocator@D@2@@std@@PAVCApplicationState@Application@@U?$less@V?$basic_string@DU?$char_traits@D@std@@V?$allocator@D@2@@std@@@2@V?$allocator@U?$pair@$$CBV?$basic_string@DU?$char_traits@D@std@@V?$allocator@D@2@@std@@PAVCApplicationState@Application@@@std@@@2@$0A@@std@@@std@@QAE?AV?$_Tree_iterator@V?$_Tree_val@U?$_Tree_simple_types@U?$pair@$$CBV?$basic_string@DU?$char_traits@D@std@@V?$allocator@D@2@@std@@PAVCApplicationState@Application@@@std@@@std@@@std@@@2@V?$_Tree_const_iterator@V?$_Tree_val@U?$_Tree_simple_types@U?$pair@$$CBV?$basic_string@DU?$char_traits@D@std@@V?$allocator@D@2@@std@@PAVCApplicationState@Application@@@std@@@std@@@std@@@2@0@Z 00404c90 f i BaseApplication.obj
 0001:00003c90       ?erase@?$_Tree@V?$_Tmap_traits@V?$basic_string@DU?$char_traits@D@std@@V?$allocator@D@2@@std@@P6APAVIComponent@Logic@@XZU?$less@V?$basic_string@DU?$char_traits@D@std@@V?$allocator@D@2@@std@@@2@V?$allocator@U?$pair@$$CBV?$basic_string@DU?$char_traits@D@std@@V?$allocator@D@2@@std@@P6APAVIComponent@Logic@@XZ@std@@@2@$0A@@std@@@std@@QAE?AV?$_Tree_iterator@V?$_Tree_val@U?$_Tree_simple_types@U?$pair@$$CBV?$basic_string@DU?$char_traits@D@std@@V?$allocator@D@2@@std@@P6APAVIComponent@Logic@@XZ@std@@@std@@@std@@@2@V?$_Tree_const_iterator@V?$_Tree_val@U?$_Tree_simple_types@U?$pair@$$CBV?$basic_string@DU?$char_traits@D@std@@V?$allocator@D@2@@std@@P6APAVIComponent@Logic@@XZ@std@@@std@@@std@@@2@0@Z 00404c90 f i Logic:ComponentFactory.obj
 0001:00003c90       ?erase@?$_Tree@V?$_Tmap_traits@V?$basic_string@DU?$char_traits@D@std@@V?$allocator@D@2@@std@@_JU?$less@V?$basic_string@DU?$char_traits@D@std@@V?$allocator@D@2@@std@@@2@V?$allocator@U?$pair@$$CBV?$basic_string@DU?$char_traits@D@std@@V?$allocator@D@2@@std@@_J@std@@@2@$0A@@std@@@std@@QAE?AV?$_Tree_iterator@V?$_Tree_val@U?$_Tree_simple_types@U?$pair@$$CBV?$basic_string@DU?$char_traits@D@std@@V?$allocator@D@2@@std@@_J@std@@@std@@@std@@@2@V?$_Tree_const_iterator@V?$_Tree_val@U?$_Tree_simple_types@U?$pair@$$CBV?$basic_string@DU?$char_traits@D@std@@V?$allocator@D@2@@std@@_J@std@@@std@@@std@@@2@0@Z 00404c90 f i Map:MapGenerator.obj
 0001:00003d50       ?_Lbound@?$_Tree@V?$_Tmap_traits@V?$basic_string@DU?$char_traits@D@std@@V?$allocator@D@2@@std@@V12@U?$less@V?$basic_string@DU?$char_traits@D@std@@V?$allocator@D@2@@std@@@2@V?$allocator@U?$pair@$$CBV?$basic_string@DU?$char_traits@D@std@@V?$allocator@D@2@@std@@V12@@std@@@2@$0A@@std@@@std@@IAEPAU?$_Tree_node@U?$pair@$$CBV?$basic_string@DU?$char_traits@D@std@@V?$allocator@D@2@@std@@V12@@std@@PAX@2@ABV?$basic_string@DU?$char_traits@D@std@@V?$allocator@D@2@@2@@Z 00404d50 f i Configure.obj
 0001:00003d50       ?_Lbound@?$_Tree@V?$_Tmap_traits@V?$basic_string@DU?$char_traits@D@std@@V?$allocator@D@2@@std@@V?$vector@UTXMLComponent@Blueprints@Data@Common@@V?$allocator@UTXMLComponent@Blueprints@Data@Common@@@std@@@2@U?$less@V?$basic_string@DU?$char_traits@D@std@@V?$allocator@D@2@@std@@@2@V?$allocator@U?$pair@$$CBV?$basic_string@DU?$char_traits@D@std@@V?$allocator@D@2@@std@@V?$vector@UTXMLComponent@Blueprints@Data@Common@@V?$allocator@UTXMLComponent@Blueprints@Data@Common@@@std@@@2@@std@@@2@$0A@@std@@@std@@IAEPAU?$_Tree_node@U?$pair@$$CBV?$basic_string@DU?$char_traits@D@std@@V?$allocator@D@2@@std@@V?$vector@UTXMLComponent@Blueprints@Data@Common@@V?$allocator@UTXMLComponent@Blueprints@Data@Common@@@std@@@2@@std@@PAX@2@ABV?$basic_string@DU?$char_traits@D@std@@V?$allocator@D@2@@2@@Z 00404d50 f i Logic:EntityFactory.obj
 0001:00003d50       ?_Lbound@?$_Tree@V?$_Tmap_traits@V?$basic_string@DU?$char_traits@D@std@@V?$allocator@D@2@@std@@V12@U?$less@V?$basic_string@DU?$char_traits@D@std@@V?$allocator@D@2@@std@@@2@V?$allocator@U?$pair@$$CBV?$basic_string@DU?$char_traits@D@std@@V?$allocator@D@2@@std@@V12@@std@@@2@$0A@@std@@@std@@IBEPAU?$_Tree_node@U?$pair@$$CBV?$basic_string@DU?$char_traits@D@std@@V?$allocator@D@2@@std@@V12@@std@@PAX@2@ABV?$basic_string@DU?$char_traits@D@std@@V?$allocator@D@2@@2@@Z 00404d50 f i Configure.obj
 0001:00003d50       ?_Lbound@?$_Tree@V?$_Tmap_traits@V?$basic_string@DU?$char_traits@D@std@@V?$allocator@D@2@@std@@P6APAVIComponent@Logic@@XZU?$less@V?$basic_string@DU?$char_traits@D@std@@V?$allocator@D@2@@std@@@2@V?$allocator@U?$pair@$$CBV?$basic_string@DU?$char_traits@D@std@@V?$allocator@D@2@@std@@P6APAVIComponent@Logic@@XZ@std@@@2@$0A@@std@@@std@@IBEPAU?$_Tree_node@U?$pair@$$CBV?$basic_string@DU?$char_traits@D@std@@V?$allocator@D@2@@std@@P6APAVIComponent@Logic@@XZ@std@@PAX@2@ABV?$basic_string@DU?$char_traits@D@std@@V?$allocator@D@2@@2@@Z 00404d50 f i Logic:EntityFactory.obj
 0001:00003d50       ?_Lbound@?$_Tree@V?$_Tmap_traits@V?$basic_string@DU?$char_traits@D@std@@V?$allocator@D@2@@std@@_JU?$less@V?$basic_string@DU?$char_traits@D@std@@V?$allocator@D@2@@std@@@2@V?$allocator@U?$pair@$$CBV?$basic_string@DU?$char_traits@D@std@@V?$allocator@D@2@@std@@_J@std@@@2@$0A@@std@@@std@@IAEPAU?$_Tree_node@U?$pair@$$CBV?$basic_string@DU?$char_traits@D@std@@V?$allocator@D@2@@std@@_J@std@@PAX@2@ABV?$basic_string@DU?$char_traits@D@std@@V?$allocator@D@2@@2@@Z 00404d50 f i Map:MapGenerator.obj
 0001:00003d50       ?_Lbound@?$_Tree@V?$_Tmap_traits@V?$basic_string@DU?$char_traits@D@std@@V?$allocator@D@2@@std@@UTBluePrint@CEntityFactory@Logic@@U?$less@V?$basic_string@DU?$char_traits@D@std@@V?$allocator@D@2@@std@@@2@V?$allocator@U?$pair@$$CBV?$basic_string@DU?$char_traits@D@std@@V?$allocator@D@2@@std@@UTBluePrint@CEntityFactory@Logic@@@std@@@2@$0A@@std@@@std@@IAEPAU?$_Tree_node@U?$pair@$$CBV?$basic_string@DU?$char_traits@D@std@@V?$allocator@D@2@@std@@UTBluePrint@CEntityFactory@Logic@@@std@@PAX@2@ABV?$basic_string@DU?$char_traits@D@std@@V?$allocator@D@2@@2@@Z 00404d50 f i Logic:EntityFactory.obj
 0001:00003d50       ?_Lbound@?$_Tree@V?$_Tmap_traits@V?$basic_string@DU?$char_traits@D@std@@V?$allocator@D@2@@std@@PAVCApplicationState@Application@@U?$less@V?$basic_string@DU?$char_traits@D@std@@V?$allocator@D@2@@std@@@2@V?$allocator@U?$pair@$$CBV?$basic_string@DU?$char_traits@D@std@@V?$allocator@D@2@@std@@PAVCApplicationState@Application@@@std@@@2@$0A@@std@@@std@@IAEPAU?$_Tree_node@U?$pair@$$CBV?$basic_string@DU?$char_traits@D@std@@V?$allocator@D@2@@std@@PAVCApplicationState@Application@@@std@@PAX@2@ABV?$basic_string@DU?$char_traits@D@std@@V?$allocator@D@2@@2@@Z 00404d50 f i BaseApplication.obj
 0001:00003e30       ?end@?$deque@Tsemantic_type@CParser@Map@@V?$allocator@Tsemantic_type@CParser@Map@@@std@@@std@@QBE?AV?$_Deque_const_iterator@V?$_Deque_val@U?$_Deque_simple_types@Tsemantic_type@CParser@Map@@@std@@@std@@@2@XZ 00404e30 f i Map:Parser.obj
 0001:00003e30       ?end@?$deque@HV?$allocator@H@std@@@std@@QAE?AV?$_Deque_iterator@V?$_Deque_val@U?$_Deque_simple_types@H@std@@@std@@@2@XZ 00404e30 f i Map:Parser.obj
 0001:00003e30       ?end@?$deque@Tsemantic_type@CParser@Map@@V?$allocator@Tsemantic_type@CParser@Map@@@std@@@std@@QAE?AV?$_Deque_iterator@V?$_Deque_val@U?$_Deque_simple_types@Tsemantic_type@CParser@Map@@@std@@@std@@@2@XZ 00404e30 f i Map:Parser.obj
 0001:00003e30       ?end@?$deque@HV?$allocator@H@std@@@std@@QBE?AV?$_Deque_const_iterator@V?$_Deque_val@U?$_Deque_simple_types@H@std@@@std@@@2@XZ 00404e30 f i Map:Parser.obj
 0001:00003e30       ?end@?$deque@Vlocation@Map@@V?$allocator@Vlocation@Map@@@std@@@std@@QBE?AV?$_Deque_const_iterator@V?$_Deque_val@U?$_Deque_simple_types@Vlocation@Map@@@std@@@std@@@2@XZ 00404e30 f i Map:Parser.obj
 0001:00003e30       ?end@?$deque@PAVCApplicationState@Application@@V?$allocator@PAVCApplicationState@Application@@@std@@@std@@QAE?AV?$_Deque_iterator@V?$_Deque_val@U?$_Deque_simple_types@PAVCApplicationState@Application@@@std@@@std@@@2@XZ 00404e30 f i BaseApplication.obj
 0001:00003e30       ?end@?$deque@Vlocation@Map@@V?$allocator@Vlocation@Map@@@std@@@std@@QAE?AV?$_Deque_iterator@V?$_Deque_val@U?$_Deque_simple_types@Vlocation@Map@@@std@@@std@@@2@XZ 00404e30 f i Map:Parser.obj
 0001:00003e50       ?_Growmap@?$deque@HV?$allocator@H@std@@@std@@IAEXI@Z 00404e50 f i Map:Parser.obj
 0001:00003e50       ?_Growmap@?$deque@Tsemantic_type@CParser@Map@@V?$allocator@Tsemantic_type@CParser@Map@@@std@@@std@@IAEXI@Z 00404e50 f i Map:Parser.obj
 0001:00003e50       ?_Growmap@?$deque@PAVCApplicationState@Application@@V?$allocator@PAVCApplicationState@Application@@@std@@@std@@IAEXI@Z 00404e50 f i BaseApplication.obj
 0001:00003fe0       ??G?$_Deque_iterator@V?$_Deque_val@U?$_Deque_simple_types@PAVCApplicationState@Application@@@std@@@std@@@std@@QBE?AV01@H@Z 00404fe0 f i BaseApplication.obj
 0001:00004070       ?erase@?$_Tree@V?$_Tmap_traits@V?$basic_string@DU?$char_traits@D@std@@V?$allocator@D@2@@std@@_JU?$less@V?$basic_string@DU?$char_traits@D@std@@V?$allocator@D@2@@std@@@2@V?$allocator@U?$pair@$$CBV?$basic_string@DU?$char_traits@D@std@@V?$allocator@D@2@@std@@_J@std@@@2@$0A@@std@@@std@@QAE?AV?$_Tree_iterator@V?$_Tree_val@U?$_Tree_simple_types@U?$pair@$$CBV?$basic_string@DU?$char_traits@D@std@@V?$allocator@D@2@@std@@_J@std@@@std@@@std@@@2@V?$_Tree_const_iterator@V?$_Tree_val@U?$_Tree_simple_types@U?$pair@$$CBV?$basic_string@DU?$char_traits@D@std@@V?$allocator@D@2@@std@@_J@std@@@std@@@std@@@2@@Z 00405070 f i Map:MapGenerator.obj
 0001:00004070       ?erase@?$_Tree@V?$_Tmap_traits@V?$basic_string@DU?$char_traits@D@std@@V?$allocator@D@2@@std@@PAVCApplicationState@Application@@U?$less@V?$basic_string@DU?$char_traits@D@std@@V?$allocator@D@2@@std@@@2@V?$allocator@U?$pair@$$CBV?$basic_string@DU?$char_traits@D@std@@V?$allocator@D@2@@std@@PAVCApplicationState@Application@@@std@@@2@$0A@@std@@@std@@QAE?AV?$_Tree_iterator@V?$_Tree_val@U?$_Tree_simple_types@U?$pair@$$CBV?$basic_string@DU?$char_traits@D@std@@V?$allocator@D@2@@std@@PAVCApplicationState@Application@@@std@@@std@@@std@@@2@V?$_Tree_const_iterator@V?$_Tree_val@U?$_Tree_simple_types@U?$pair@$$CBV?$basic_string@DU?$char_traits@D@std@@V?$allocator@D@2@@std@@PAVCApplicationState@Application@@@std@@@std@@@std@@@2@@Z 00405070 f i BaseApplication.obj
 0001:00004070       ?erase@?$_Tree@V?$_Tmap_traits@V?$basic_string@DU?$char_traits@D@std@@V?$allocator@D@2@@std@@P6APAVIComponent@Logic@@XZU?$less@V?$basic_string@DU?$char_traits@D@std@@V?$allocator@D@2@@std@@@2@V?$allocator@U?$pair@$$CBV?$basic_string@DU?$char_traits@D@std@@V?$allocator@D@2@@std@@P6APAVIComponent@Logic@@XZ@std@@@2@$0A@@std@@@std@@QAE?AV?$_Tree_iterator@V?$_Tree_val@U?$_Tree_simple_types@U?$pair@$$CBV?$basic_string@DU?$char_traits@D@std@@V?$allocator@D@2@@std@@P6APAVIComponent@Logic@@XZ@std@@@std@@@std@@@2@V?$_Tree_const_iterator@V?$_Tree_val@U?$_Tree_simple_types@U?$pair@$$CBV?$basic_string@DU?$char_traits@D@std@@V?$allocator@D@2@@std@@P6APAVIComponent@Logic@@XZ@std@@@std@@@std@@@2@@Z 00405070 f i Logic:ComponentFactory.obj
 0001:00004320       ?_Buyheadnode@?$_Tree_alloc@$0A@U?$_Tree_base_types@U?$pair@$$CBV?$basic_string@DU?$char_traits@D@std@@V?$allocator@D@2@@std@@P6APAVIComponent@Logic@@XZ@std@@V?$allocator@U?$pair@$$CBV?$basic_string@DU?$char_traits@D@std@@V?$allocator@D@2@@std@@P6APAVIComponent@Logic@@XZ@std@@@2@@std@@@std@@QAEPAU?$_Tree_node@U?$pair@$$CBV?$basic_string@DU?$char_traits@D@std@@V?$allocator@D@2@@std@@P6APAVIComponent@Logic@@XZ@std@@PAX@2@XZ 00405320 f i Logic:ComponentFactory.obj
[...]
 0003:00001548       _allocator_arg             00436548     libboost_filesystem-vc110-mt-1_55:codecvt_error_category.obj
 0003:00001549       _piecewise_construct       00436549     libboost_filesystem-vc110-mt-1_55:codecvt_error_category.obj
 0003:00001574       __8                        00436574     * CIL library *:* CIL module *
 0003:00001575       __1                        00436575     * CIL library *:* CIL module *
 0003:00001576       __Tuple_alloc              00436576     * CIL library *:* CIL module *
 0003:00001577       __5                        00436577     * CIL library *:* CIL module *
 0003:00001578       __9                        00436578     * CIL library *:* CIL module *
 0003:00001579       __4                        00436579     * CIL library *:* CIL module *
 0003:0000157a       __2                        0043657a     * CIL library *:* CIL module *
 0003:0000157b       __7                        0043657b     * CIL library *:* CIL module *
 0003:0000157c       _errno_ecat                0043657c     * CIL library *:* CIL module *
 0003:00001580       _ignore                    00436580     * CIL library *:* CIL module *
 0003:00001581       __3                        00436581     * CIL library *:* CIL module *
 0003:00001582       _allocator_arg             00436582     * CIL library *:* CIL module *
 0003:00001583       _piecewise_construct       00436583     * CIL library *:* CIL module *
 0003:00001584       _native_ecat               00436584     * CIL library *:* CIL module *
 0003:00001588       __6                        00436588     * CIL library *:* CIL module *
 0003:00001589       __8                        00436589     * CIL library *:* CIL module *
 0003:0000158a       __1                        0043658a     * CIL library *:* CIL module *
 0003:0000158b       __Tuple_alloc              0043658b     * CIL library *:* CIL module *
 0003:0000158c       _posix_category            0043658c     * CIL library *:* CIL module *
 0003:00001590       __5                        00436590     * CIL library *:* CIL module *
 0003:00001591       __9                        00436591     * CIL library *:* CIL module *
 0003:00001592       __4                        00436592     * CIL library *:* CIL module *
 0003:00001593       __2                        00436593     * CIL library *:* CIL module *
 0003:00001594       _errno_ecat                00436594     * CIL library *:* CIL module *
 0003:00001598       __7                        00436598     * CIL library *:* CIL module *
 0003:00001599       _ignore                    00436599     * CIL library *:* CIL module *
 0003:0000159a       __3                        0043659a     * CIL library *:* CIL module *
 0003:0000159b       _allocator_arg             0043659b     * CIL library *:* CIL module *
 0003:0000159c       _native_ecat               0043659c     * CIL library *:* CIL module *
 0003:000015a0       _piecewise_construct       004365a0     * CIL library *:* CIL module *
 0003:000015a1       __6                        004365a1     * CIL library *:* CIL module *
 0003:000015a2       __Tuple_alloc              004365a2     * CIL library *:* CIL module *
 0003:000015a3       __9                        004365a3     * CIL library *:* CIL module *
 0003:000015a4       _posix_category            004365a4     * CIL library *:* CIL module *
 0003:000015a8       __5                        004365a8     * CIL library *:* CIL module *
 0003:000015a9       __8                        004365a9     * CIL library *:* CIL module *
 0003:000015aa       __1                        004365aa     * CIL library *:* CIL module *
 0003:000015ab       __4                        004365ab     * CIL library *:* CIL module *
 0003:000015ac       _errno_ecat                004365ac     * CIL library *:* CIL module *
 0003:000015b0       __2                        004365b0     * CIL library *:* CIL module *
 0003:000015b1       __7                        004365b1     * CIL library *:* CIL module *
 0003:000015b2       _ignore                    004365b2     * CIL library *:* CIL module *
 0003:000015b3       __3                        004365b3     * CIL library *:* CIL module *
 0003:000015b4       _allocator_arg             004365b4     * CIL library *:* CIL module *
 0003:000015b5       _piecewise_construct       004365b5     * CIL library *:* CIL module *
 0003:000015b6       __6                        004365b6     * CIL library *:* CIL module *
 0003:000015b7       _allocator_arg             004365b7     * CIL library *:* CIL module *
 0003:000015b8       _native_ecat               004365b8     * CIL library *:* CIL module *
 0003:000015bc       _posix_category            004365bc     * CIL library *:* CIL module *
 0003:000015c0       _piecewise_construct       004365c0     * CIL library *:* CIL module *
 0003:000015c1       _allocator_arg             004365c1     * CIL library *:* CIL module *
 0003:000015c2       _piecewise_construct       004365c2     * CIL library *:* CIL module *
 0003:000015c3       _allocator_arg             004365c3     * CIL library *:* CIL module *
 0003:000015c4       _piecewise_construct       004365c4     * CIL library *:* CIL module *
 0003:000015c5       _allocator_arg             004365c5     * CIL library *:* CIL module *
 0003:000015c6       _piecewise_construct       004365c6     * CIL library *:* CIL module *
 0003:000015c7       _allocator_arg             004365c7     * CIL library *:* CIL module *
 0003:000015c8       _piecewise_construct       004365c8     * CIL library *:* CIL module *
 0003:000015c9       _allocator_arg             004365c9     * CIL library *:* CIL module *
 0003:000015ca       _piecewise_construct       004365ca     * CIL library *:* CIL module *
 0003:000015cb       __Tuple_alloc              004365cb     * CIL library *:* CIL module *
 0003:000015cc       _ordered_range             004365cc     * CIL library *:* CIL module *
 0003:000015cd       _default_init              004365cd     * CIL library *:* CIL module *
 0003:000015ce       _ignore                    004365ce     * CIL library *:* CIL module *
 0003:000015cf       _allocator_arg             004365cf     * CIL library *:* CIL module *
 0003:000015d0       _errno_ecat                004365d0     * CIL library *:* CIL module *
 0003:000015d4       _native_ecat               004365d4     * CIL library *:* CIL module *
 0003:000015d8       _ordered_unique_range      004365d8     * CIL library *:* CIL module *
 0003:000015d9       _piecewise_construct       004365d9     * CIL library *:* CIL module *
 0003:000015da       _allocator_arg             004365da     * CIL library *:* CIL module *
 0003:000015db       _piecewise_construct       004365db     * CIL library *:* CIL module *
 0003:000015dc       _posix_category            004365dc     * CIL library *:* CIL module *
 0003:000015e0       _allocator_arg             004365e0     * CIL library *:* CIL module *
 0003:000015e1       _piecewise_construct       004365e1     * CIL library *:* CIL module *
 0003:000015e2       __Tuple_alloc              004365e2     * CIL library *:* CIL module *
 0003:000015e3       _ordered_range             004365e3     * CIL library *:* CIL module *
 0003:000015e4       _fm                        004365e4     * CIL library *:* CIL module *
 0003:000015ec       _default_init              004365ec     * CIL library *:* CIL module *
 0003:000015ed       _ignore                    004365ed     * CIL library *:* CIL module *
 0003:000015ee       _allocator_arg             004365ee     * CIL library *:* CIL module *
 0003:000015ef       _ordered_unique_range      004365ef     * CIL library *:* CIL module *
 0003:000015f0       _errno_ecat                004365f0     * CIL library *:* CIL module *
 0003:000015f4       _native_ecat               004365f4     * CIL library *:* CIL module *
 0003:000015f8       _piecewise_construct       004365f8     * CIL library *:* CIL module *
 0003:000015f9       _allocator_arg             004365f9     * CIL library *:* CIL module *
 0003:000015fa       _piecewise_construct       004365fa     * CIL library *:* CIL module *
 0003:000015fb       _allocator_arg             004365fb     * CIL library *:* CIL module *
 0003:000015fc       _posix_category            004365fc     * CIL library *:* CIL module *
 0003:00001600       _piecewise_construct       00436600     * CIL library *:* CIL module *
 0003:00001601       _allocator_arg             00436601     * CIL library *:* CIL module *
 0003:00001602       _piecewise_construct       00436602     * CIL library *:* CIL module *
 0003:00001603       _allocator_arg             00436603     * CIL library *:* CIL module *
 0003:00001604       _piecewise_construct       00436604     * CIL library *:* CIL module *
 0003:00001605       _allocator_arg             00436605     * CIL library *:* CIL module *
 0003:00001606       _piecewise_construct       00436606     * CIL library *:* CIL module *
 0003:00001607       _RegisteredFactory_CControllerComponent 00436607     * CIL library *:* CIL module *
 0003:00001608       __Tuple_alloc              00436608     * CIL library *:* CIL module *
 0003:00001609       _ignore                    00436609     * CIL library *:* CIL module *
 0003:0000160a       _allocator_arg             0043660a     * CIL library *:* CIL module *
 0003:0000160b       _piecewise_construct       0043660b     * CIL library *:* CIL module *
 0003:0000160c       _RAD2DEG                   0043660c     * CIL library *:* CIL module *
 0003:00001610       _PI                        00436610     * CIL library *:* CIL module *
 0003:00001614       _DEG2RAD                   00436614     * CIL library *:* CIL module *
 0003:00001618       _RegisteredFactory_CCameraComponent 00436618     * CIL library *:* CIL module *
 0003:00001619       _RegisteredFactory_CGraphics 00436619     * CIL library *:* CIL module *
 0003:0000161a       _RegisteredFactory_CTransform 0043661a     * CIL library *:* CIL module *
 0003:0000161b       __Tuple_alloc              0043661b     * CIL library *:* CIL module *
 0003:0000161c       _ignore                    0043661c     * CIL library *:* CIL module *
 0003:0000161d       _allocator_arg             0043661d     * CIL library *:* CIL module *
 0003:0000161e       _piecewise_construct       0043661e     * CIL library *:* CIL module *
 0003:0000161f       __Tuple_alloc              0043661f     * CIL library *:* CIL module *
 0003:00001620       _ignore                    00436620     * CIL library *:* CIL module *
 0003:00001621       _allocator_arg             00436621     * CIL library *:* CIL module *
 0003:00001622       _piecewise_construct       00436622     * CIL library *:* CIL module *
 0003:00001623       __Tuple_alloc              00436623     * CIL library *:* CIL module *
 0003:00001624       _ignore                    00436624     * CIL library *:* CIL module *
 0003:00001625       _allocator_arg             00436625     * CIL library *:* CIL module *
 0003:00001626       _piecewise_construct       00436626     * CIL library *:* CIL module *
 0003:00001627       _RegisteredFactory_CControllerComponent 00436627     * CIL library *:* CIL module *
 0003:00001628       __8                        00436628     * CIL library *:* CIL module *
 0003:00001629       __1                        00436629     * CIL library *:* CIL module *
 0003:0000162a       __Tuple_alloc              0043662a     * CIL library *:* CIL module *
 0003:0000162b       __5                        0043662b     * CIL library *:* CIL module *
 0003:0000162c       __9                        0043662c     * CIL library *:* CIL module *
 0003:0000162d       __4                        0043662d     * CIL library *:* CIL module *
 0003:0000162e       __2                        0043662e     * CIL library *:* CIL module *
 0003:0000162f       __7                        0043662f     * CIL library *:* CIL module *
 0003:00001630       _errno_ecat                00436630     * CIL library *:* CIL module *
 0003:00001634       _RAD2DEG                   00436634     * CIL library *:* CIL module *
 0003:00001638       _PI                        00436638     * CIL library *:* CIL module *
 0003:0000163c       _DEG2RAD                   0043663c     * CIL library *:* CIL module *
 0003:00001640       _ignore                    00436640     * CIL library *:* CIL module *
 0003:00001641       __3                        00436641     * CIL library *:* CIL module *
 0003:00001642       _allocator_arg             00436642     * CIL library *:* CIL module *
 0003:00001643       _piecewise_construct       00436643     * CIL library *:* CIL module *
 0003:00001644       _native_ecat               00436644     * CIL library *:* CIL module *
 0003:00001648       __6                        00436648     * CIL library *:* CIL module *
 0003:00001649       _RegisteredFactory_CGraphics 00436649     * CIL library *:* CIL module *
 0003:0000164a       _RegisteredFactory_CTransform 0043664a     * CIL library *:* CIL module *
 0003:0000164b       __Tuple_alloc              0043664b     * CIL library *:* CIL module *
 0003:0000164c       _posix_category            0043664c     * CIL library *:* CIL module *
 0003:00001650       _RAD2DEG                   00436650     * CIL library *:* CIL module *
 0003:00001654       _PI                        00436654     * CIL library *:* CIL module *
 0003:00001658       _DEG2RAD                   00436658     * CIL library *:* CIL module *
 0003:0000165c       _ignore                    0043665c     * CIL library *:* CIL module *
 0003:0000165d       _allocator_arg             0043665d     * CIL library *:* CIL module *
 0003:0000165e       _piecewise_construct       0043665e     * CIL library *:* CIL module *
 0003:0000165f       _RegisteredFactory_CTransform 0043665f     * CIL library *:* CIL module *
 0003:00001660       __Tuple_alloc              00436660     * CIL library *:* CIL module *
 0003:00001661       _ignore                    00436661     * CIL library *:* CIL module *
 0003:00001662       _allocator_arg             00436662     * CIL library *:* CIL module *
 0003:00001663       _piecewise_construct       00436663     * CIL library *:* CIL module *
 0003:00001664       _errno_ecat                00436664     * CIL library *:* CIL module *
 0003:00001668       _RAD2DEG                   00436668     * CIL library *:* CIL module *
 0003:0000166c       _PI                        0043666c     * CIL library *:* CIL module *
 0003:00001670       _DEG2RAD                   00436670     * CIL library *:* CIL module *
 0003:00001674       _native_ecat               00436674     * CIL library *:* CIL module *
 0003:00001678       __9                        00436678     * CIL library *:* CIL module *
 0003:00001679       __2                        00436679     * CIL library *:* CIL module *
 0003:0000167a       __7                        0043667a     * CIL library *:* CIL module *
 0003:0000167b       __5                        0043667b     * CIL library *:* CIL module *
 0003:0000167c       __8                        0043667c     * CIL library *:* CIL module *
 0003:0000167d       __1                        0043667d     * CIL library *:* CIL module *
 0003:0000167e       __4                        0043667e     * CIL library *:* CIL module *
 0003:0000167f       __3                        0043667f     * CIL library *:* CIL module *
 0003:00001680       __6                        00436680     * CIL library *:* CIL module *
 0003:00001681       _RegisteredFactory_CCameraComponent 00436681     * CIL library *:* CIL module *
 0003:00001682       _RegisteredFactory_CTransform 00436682     * CIL library *:* CIL module *
 0003:00001683       __Tuple_alloc              00436683     * CIL library *:* CIL module *
 0003:00001684       _posix_category            00436684     * CIL library *:* CIL module *
 0003:00001688       _errno_ecat                00436688     * CIL library *:* CIL module *
 0003:0000168c       _ignore                    0043668c     * CIL library *:* CIL module *
 0003:0000168d       _allocator_arg             0043668d     * CIL library *:* CIL module *
 0003:0000168e       __9                        0043668e     * CIL library *:* CIL module *
 0003:0000168f       __2                        0043668f     * CIL library *:* CIL module *
 0003:00001690       __7                        00436690     * CIL library *:* CIL module *
 0003:00001691       __5                        00436691     * CIL library *:* CIL module *
 0003:00001692       __8                        00436692     * CIL library *:* CIL module *
 0003:00001693       __1                        00436693     * CIL library *:* CIL module *
 0003:00001694       __4                        00436694     * CIL library *:* CIL module *
 0003:00001695       __3                        00436695     * CIL library *:* CIL module *
 0003:00001696       _piecewise_construct       00436696     * CIL library *:* CIL module *
 0003:00001697       __6                        00436697     * CIL library *:* CIL module *
 0003:00001698       _native_ecat               00436698     * CIL library *:* CIL module *
 0003:0000169c       _posix_category            0043669c     * CIL library *:* CIL module *
 0003:000016a0       _allocator_arg             004366a0     * CIL library *:* CIL module *
 0003:000016a1       _piecewise_construct       004366a1     * CIL library *:* CIL module *
 0003:000016a2       _allocator_arg             004366a2     * CIL library *:* CIL module *
 0003:000016a3       _piecewise_construct       004366a3     * CIL library *:* CIL module *
 0003:000016a4       _allocator_arg             004366a4     * CIL library *:* CIL module *
 0003:000016a5       _piecewise_construct       004366a5     * CIL library *:* CIL module *
 0003:000016a6       __Tuple_alloc              004366a6     * CIL library *:* CIL module *
 0003:000016a7       _ignore                    004366a7     * CIL library *:* CIL module *
 0003:000016a8       _allocator_arg             004366a8     * CIL library *:* CIL module *
 0003:000016a9       _piecewise_construct       004366a9     * CIL library *:* CIL module *
 0003:000016aa       __Tuple_alloc              004366aa     * CIL library *:* CIL module *
 0003:000016ab       _ignore                    004366ab     * CIL library *:* CIL module *
 0003:000016ac       _allocator_arg             004366ac     * CIL library *:* CIL module *
 0003:000016ad       _piecewise_construct       004366ad     * CIL library *:* CIL module *
 0003:000016ae       __Tuple_alloc              004366ae     * CIL library *:* CIL module *
 0003:000016af       _ignore                    004366af     * CIL library *:* CIL module *
 0003:000016b0       _allocator_arg             004366b0     * CIL library *:* CIL module *
 0003:000016b1       _piecewise_construct       004366b1     * CIL library *:* CIL module *
 0003:000016b2       __Tuple_alloc              004366b2     * CIL library *:* CIL module *
 0003:000016b3       _ignore                    004366b3     * CIL library *:* CIL module *
 0003:000016b4       _allocator_arg             004366b4     * CIL library *:* CIL module *
 0003:000016b5       _piecewise_construct       004366b5     * CIL library *:* CIL module *
 0003:000016b6       __Tuple_alloc              004366b6     * CIL library *:* CIL module *
 0003:000016b7       _ignore                    004366b7     * CIL library *:* CIL module *
 0003:000016b8       _allocator_arg             004366b8     * CIL library *:* CIL module *
 0003:000016b9       _piecewise_construct       004366b9     * CIL library *:* CIL module *
 0003:000016ba       _allocator_arg             004366ba     * CIL library *:* CIL module *
 0003:000016bb       _piecewise_construct       004366bb     * CIL library *:* CIL module *
 0005:00000060       $R000000                   00438060     * linker generated manifest res *
